12-05 18:55:12.302  6639  6676 I zygote  : Explicit concurrent copying GC freed 39549(1280KB) AllocSpace objects, 1(20KB) LOS objects, 58% free, 1111KB/2MB, paused 9us total 2.428ms
12-05 18:55:12.302  6639  6646 W zygote  : Got a deoptimization request on un-deoptimizable void java.lang.Object.wait() at PC 0x71d882de
12-05 18:55:12.440  1741  1741 V StatusBar: setLightsOn(true)
12-05 18:55:13.321  1641  1767 E memtrack: Couldn't load memtrack module
12-05 18:55:13.321  1641  1767 W android.os.Debug: failed to get memory consumption info: -1
12-05 18:55:13.337  6639  6676 I zygote  : Explicit concurrent copying GC freed 39549(1280KB) AllocSpace objects, 1(20KB) LOS objects, 58% free, 1111KB/2MB, paused 9us total 2.237ms
12-05 18:55:13.337  6639  6646 W zygote  : Got a deoptimization request on un-deoptimizable void java.lang.Object.wait() at PC 0x71d882de
12-05 18:55:13.436  1741  1741 V StatusBar: setLightsOn(true)
12-05 18:55:14.241  1641  1767 E memtrack: Couldn't load memtrack module
12-05 18:55:14.241  1641  1767 W android.os.Debug: failed to get memory consumption info: -1
12-05 18:55:14.266  6639  6646 W zygote  : Got a deoptimization request on un-deoptimizable void java.lang.Object.wait() at PC 0x71d882de
12-05 18:55:14.269  6639  6676 I zygote  : Explicit concurrent copying GC freed 39544(1280KB) AllocSpace objects, 1(20KB) LOS objects, 57% free, 1143KB/2MB, paused 16us total 3.520ms
12-05 18:55:15.773  1741  1741 V StatusBar: setLightsOn(true)
12-05 18:55:15.803  1741  1741 V StatusBar: setLightsOn(true)
12-05 18:55:15.881  6639  6646 W zygote  : Got a deoptimization request on un-deoptimizable void java.lang.Object.wait() at PC 0x71d882de
12-05 18:55:15.772  1641  2950 I chatty  : uid=1000(system) Binder:1641_E identical 7 lines
12-05 18:55:15.802  1641  2950 I ActivityManager: START u0 {flg=0x10000000 cmp=com.anigilyator.org/.Annotatio} from uid 10626
12-05 18:55:16.435  1641  1767 I ActivityManager: START u0 {flg=0x10000000 cmp=com.anigilyator.org/.Annotatio} from uid 10626
12-05 18:55:16.438  1741  1741 V StatusBar: setLightsOn(true)
12-05 18:55:16.503  1641  1767 E memtrack: Couldn't load memtrack module
12-05 18:55:16.503  1641  1767 W android.os.Debug: failed to get memory consumption info: -1
12-05 18:55:16.518  6639  6646 W zygote  : Got a deoptimization request on un-deoptimizable void java.lang.Object.wait() at PC 0x71d882de
12-05 18:55:16.518  6639  6676 I zygote  : Explicit concurrent copying GC freed 13164(484KB) AllocSpace objects, 1(20KB) LOS objects, 57% free, 1127KB/2MB, paused 9us total 2.482ms
12-05 18:55:17.430  1741  1741 V StatusBar: setLightsOn(true)
12-05 18:55:17.483  1641  1767 E memtrack: Couldn't load memtrack module
12-05 18:55:17.483  1641  1767 W android.os.Debug: failed to get memory consumption info: -1
12-05 18:55:17.499  6639  6646 W zygote  : Got a deoptimization request on un-deoptimizable void java.lang.Object.wait() at PC 0x71d882de
12-05 18:55:17.499  6639  6676 I zygote  : Explicit concurrent copying GC freed 39573(1296KB) AllocSpace objects, 1(20KB) LOS objects, 57% free, 1127KB/2MB, paused 9us total 2.428ms
12-05 18:55:17.982  1641  1654 E memtrack: Couldn't load memtrack module
12-05 18:55:17.982  1641  1654 W android.os.Debug: failed to get memory consumption info: -1
12-05 18:55:17.985  2016  4057 I NetworkScheduler.Stats: Task com.google.android.gms/com.google.android.gms.netrec.module.NetRecGcmTaskService started execution. cause:4 exec_start_elapsed_seconds: 581 [CONTEXT service_id=218 ]
12-05 18:55:17.992  2016  4057 I NetRec  : [202] anai.a: Refreshing scores for 1 networks.
12-05 18:55:17.996  2016  2016 D BoundBrokerSvc: onBind: Intent { act=com.google.android.gms.phenotype.service.START cmp=com.google.android.gms/.chimera.PersistentApiService }
12-05 18:55:17.996  2016  2016 D BoundBrokerSvc: Loading bound service for intent: Intent { act=com.google.android.gms.phenotype.service.START cmp=com.google.android.gms/.chimera.PersistentApiService }
12-05 18:55:18.006  2186  2186 D BoundBrokerSvc: onBind: Intent { act=com.google.android.gms.auth.service.START pkg=com.google.android.gms }
12-05 18:55:18.006  2186  2186 D BoundBrokerSvc: Loading bound service for intent: Intent { act=com.google.android.gms.auth.service.START pkg=com.google.android.gms }
12-05 18:55:18.012  2016  2533 W GLSUser : [DeviceKeyStore] Cannot load key: Device key file not found.
12-05 18:55:18.012  2016  2533 W GLSUser : [DeviceKeyStore] Cannot load key: Device key file not found.
12-05 18:55:18.016  2016  2406 E apzj    : Phenotype API error. Event # ceqj@6c5a5ded, EventCode: 12 [CONTEXT service_id=51 ]
12-05 18:55:18.016  2016  2406 E apzj    : apyo: 29503
12-05 18:55:18.016  2016  2406 E apzj    : 	at apzp.b(:com.google.android.gms@204217022@20.42.17 (040700-342117392):25)
12-05 18:55:18.016  2016  2406 E apzj    : 	at apzj.a(:com.google.android.gms@204217022@20.42.17 (040700-342117392):4)
12-05 18:55:18.016  2016  2406 E apzj    : 	at apzj.fV(:com.google.android.gms@204217022@20.42.17 (040700-342117392):12)
12-05 18:55:18.016  2016  2406 E apzj    : 	at aast.run(:com.google.android.gms@204217022@20.42.17 (040700-342117392):9)
12-05 18:55:18.016  2016  2406 E apzj    : 	at bozf.run(:com.google.android.gms@204217022@20.42.17 (040700-342117392):2)
12-05 18:55:18.016  2016  2406 E apzj    : 	at tdz.c(:com.google.android.gms@204217022@20.42.17 (040700-342117392):6)
12-05 18:55:18.016  2016  2406 E apzj    : 	at tdz.run(:com.google.android.gms@204217022@20.42.17 (040700-342117392):7)
12-05 18:55:18.016  2016  2406 E apzj    : 	at java.util.concurrent.ThreadPoolExecutor.runWorker(ThreadPoolExecutor.java:1162)
12-05 18:55:18.016  2016  2406 E apzj    : 	at java.util.concurrent.ThreadPoolExecutor$Worker.run(ThreadPoolExecutor.java:636)
12-05 18:55:18.016  2016  2406 E apzj    : 	at tju.run(:com.google.android.gms@204217022@20.42.17 (040700-342117392):0)
12-05 18:55:18.016  2016  2406 E apzj    : 	at java.lang.Thread.run(Thread.java:764)
12-05 18:55:18.016  2016  2406 E AsyncOperation: operation=GetCommittedConfigurationOperationCall, opStatusCode=29503 [CONTEXT service_id=51 ]
12-05 18:55:18.016  2016  2406 E AsyncOperation: OperationException[Status{statusCode=unknown status code: 29503, resolution=null}]
12-05 18:55:18.016  2016  2406 E AsyncOperation: 	at apzj.a(:com.google.android.gms@204217022@20.42.17 (040700-342117392):6)
12-05 18:55:18.016  2016  2406 E AsyncOperation: 	at apzj.fV(:com.google.android.gms@204217022@20.42.17 (040700-342117392):12)
12-05 18:55:18.016  2016  2406 E AsyncOperation: 	at aast.run(:com.google.android.gms@204217022@20.42.17 (040700-342117392):9)
12-05 18:55:18.016  2016  2406 E AsyncOperation: 	at bozf.run(:com.google.android.gms@204217022@20.42.17 (040700-342117392):2)
12-05 18:55:18.016  2016  2406 E AsyncOperation: 	at tdz.c(:com.google.android.gms@204217022@20.42.17 (040700-342117392):6)
12-05 18:55:18.016  2016  2406 E AsyncOperation: 	at tdz.run(:com.google.android.gms@204217022@20.42.17 (040700-342117392):7)
12-05 18:55:18.016  2016  2406 E AsyncOperation: 	at java.util.concurrent.ThreadPoolExecutor.runWorker(ThreadPoolExecutor.java:1162)
12-05 18:55:18.016  2016  2406 E AsyncOperation: 	at java.util.concurrent.ThreadPoolExecutor$Worker.run(ThreadPoolExecutor.java:636)
12-05 18:55:18.016  2016  2406 E AsyncOperation: 	at tju.run(:com.google.android.gms@204217022@20.42.17 (040700-342117392):0)
12-05 18:55:18.016  2016  2406 E AsyncOperation: 	at java.lang.Thread.run(Thread.java:764)
12-05 18:55:18.017  2016  2603 E NetRec  : [129] amxc.c: Could not retrieve server token for package com.google.android.apps.gcs
12-05 18:55:18.017  2016  2603 E NetRec  : java.util.concurrent.ExecutionException: ryf: 29503: 
12-05 18:55:18.017  2016  2603 E NetRec  : 	at axac.l(:com.google.android.gms@204217022@20.42.17 (040700-342117392):2)
12-05 18:55:18.017  2016  2603 E NetRec  : 	at axac.f(:com.google.android.gms@204217022@20.42.17 (040700-342117392):7)
12-05 18:55:18.017  2016  2603 E NetRec  : 	at amxc.c(:com.google.android.gms@204217022@20.42.17 (040700-342117392):1)
12-05 18:55:18.017  2016  2603 E NetRec  : 	at amxc.a(:com.google.android.gms@204217022@20.42.17 (040700-342117392):1)
12-05 18:55:18.017  2016  2603 E NetRec  : 	at amxb.getHeaders(:com.google.android.gms@204217022@20.42.17 (040700-342117392):2)
12-05 18:55:18.017  2016  2603 E NetRec  : 	at com.android.volley.toolbox.HttpClientStack.performRequest(:com.google.android.gms@204217022@20.42.17 (040700-342117392):18)
12-05 18:55:18.017  2016  2603 E NetRec  : 	at sym.performRequest(:com.google.android.gms@204217022@20.42.17 (040700-342117392):1)
12-05 18:55:18.017  2016  2603 E NetRec  : 	at bsk.executeRequest(:com.google.android.gms@204217022@20.42.17 (040700-342117392):1)
12-05 18:55:18.017  2016  2603 E NetRec  : 	at com.android.volley.toolbox.BasicNetwork.performRequest(:com.google.android.gms@204217022@20.42.17 (040700-342117392):3)
12-05 18:55:18.017  2016  2603 E NetRec  : 	at syn.performRequest(:com.google.android.gms@204217022@20.42.17 (040700-342117392):17)
12-05 18:55:18.017  2016  2603 E NetRec  : 	at com.android.volley.NetworkDispatcher.processRequest(:com.google.android.gms@204217022@20.42.17 (040700-342117392):5)
12-05 18:55:18.017  2016  2603 E NetRec  : 	at com.android.volley.NetworkDispatcher.a(:com.google.android.gms@204217022@20.42.17 (040700-342117392):0)
12-05 18:55:18.017  2016  2603 E NetRec  : 	at com.android.volley.NetworkDispatcher.run(:com.google.android.gms@204217022@20.42.17 (040700-342117392):2)
12-05 18:55:18.017  2016  2603 E NetRec  : Caused by: ryf: 29503: 
12-05 18:55:18.017  2016  2603 E NetRec  : 	at sdv.b(:com.google.android.gms@204217022@20.42.17 (040700-342117392):2)
12-05 18:55:18.017  2016  2603 E NetRec  : 	at apyy.o(:com.google.android.gms@204217022@20.42.17 (040700-342117392):0)
12-05 18:55:18.017  2016  2603 E NetRec  : 	at apzp.e(:com.google.android.gms@204217022@20.42.17 (040700-342117392):0)
12-05 18:55:18.017  2016  2603 E NetRec  : 	at aaso.p(:com.google.android.gms@204217022@20.42.17 (040700-342117392):4)
12-05 18:55:18.017  2016  2603 E NetRec  : 	at aast.run(:com.google.android.gms@204217022@20.42.17 (040700-342117392):11)
12-05 18:55:18.017  2016  2603 E NetRec  : 	at bozf.run(:com.google.android.gms@204217022@20.42.17 (040700-342117392):2)
12-05 18:55:18.017  2016  2603 E NetRec  : 	at tdz.c(:com.google.android.gms@204217022@20.42.17 (040700-342117392):6)
12-05 18:55:18.017  2016  2603 E NetRec  : 	at tdz.run(:com.google.android.gms@204217022@20.42.17 (040700-342117392):7)
12-05 18:55:18.017  2016  2603 E NetRec  : 	at java.util.concurrent.ThreadPoolExecutor.runWorker(ThreadPoolExecutor.java:1162)
12-05 18:55:18.017  2016  2603 E NetRec  : 	at java.util.concurrent.ThreadPoolExecutor$Worker.run(ThreadPoolExecutor.java:636)
12-05 18:55:18.017  2016  2603 E NetRec  : 	at tju.run(:com.google.android.gms@204217022@20.42.17 (040700-342117392):0)
12-05 18:55:18.017  2016  2603 E NetRec  : 	at java.lang.Thread.run(Thread.java:764)
12-05 18:55:18.017  2016  2603 W NetRec  : [129] amxc.a: No server tokens extracted.
12-05 18:55:18.158  2016  2603 E Volley  : [129] NetworkUtility.d: Unexpected response code 400 for https://mobilenetworkscoring-pa.googleapis.com/v1/GetWifiQuality?key=AIzaSyBrlVtd67QvwS_Wz0Do4ZIdOeA6ThtVczU
12-05 18:55:18.158  2016  4057 I NetRec  : [202] anai.c: Will retry failed rapid_refresh_scores_task task as standard refresh.
12-05 18:55:18.160  2016  4057 W NetRec  : [202] anai.a: Unexpected exception com.android.volley.ClientError while waiting for score updates (com.android.volley.ClientError). Returning 2.
12-05 18:55:18.161  2016  4057 I NetRec  : [202] NetRecChimeraGcmTaskService.a: Still entries pending update, scheduling new rapid_refresh_scores_task refresh.
12-05 18:55:18.162  2016  4057 I NetRec  : [202] NetRecChimeraGcmTaskService.a: Completed rapid_refresh_scores_task score refresh task in 171 ms, returning 2
12-05 18:55:18.166  2016  6318 I NetworkScheduler.Stats: Task com.google.android.gms/com.google.android.gms.netrec.module.NetRecGcmTaskService finished executing. cause:4 result: 2 elapsed_millis: 188 uptime_millis: 188 exec_start_elapsed_seconds: 581 [CONTEXT service_id=218 ]
12-05 18:55:18.189  2016  4785 I NetRec  : [223] anai.a: Refreshing scores for 1 networks.
12-05 18:55:18.190  2016  4057 I NetworkScheduler.Stats: Task com.google.android.gms/com.google.android.gms.netrec.module.NetRecGcmTaskService started execution. cause:5 exec_start_elapsed_seconds: 581 [CONTEXT service_id=218 ]
12-05 18:55:18.195  2016  2027 W GLSUser : [DeviceKeyStore] Cannot load key: Device key file not found.
12-05 18:55:18.195  2016  2027 W GLSUser : [DeviceKeyStore] Cannot load key: Device key file not found.
12-05 18:55:18.197  2016  2406 E apzj    : Phenotype API error. Event # ceqj@6c5a5ded, EventCode: 12 [CONTEXT service_id=51 ]
12-05 18:55:18.197  2016  2406 E apzj    : apyo: 29503
12-05 18:55:18.197  2016  2406 E apzj    : 	at apzp.b(:com.google.android.gms@204217022@20.42.17 (040700-342117392):25)
12-05 18:55:18.197  2016  2406 E apzj    : 	at apzj.a(:com.google.android.gms@204217022@20.42.17 (040700-342117392):4)
12-05 18:55:18.197  2016  2406 E apzj    : 	at apzj.fV(:com.google.android.gms@204217022@20.42.17 (040700-342117392):12)
12-05 18:55:18.197  2016  2406 E apzj    : 	at aast.run(:com.google.android.gms@204217022@20.42.17 (040700-342117392):9)
12-05 18:55:18.197  2016  2406 E apzj    : 	at bozf.run(:com.google.android.gms@204217022@20.42.17 (040700-342117392):2)
12-05 18:55:18.197  2016  2406 E apzj    : 	at tdz.c(:com.google.android.gms@204217022@20.42.17 (040700-342117392):6)
12-05 18:55:18.197  2016  2406 E apzj    : 	at tdz.run(:com.google.android.gms@204217022@20.42.17 (040700-342117392):7)
12-05 18:55:18.197  2016  2406 E apzj    : 	at java.util.concurrent.ThreadPoolExecutor.runWorker(ThreadPoolExecutor.java:1162)
12-05 18:55:18.197  2016  2406 E apzj    : 	at java.util.concurrent.ThreadPoolExecutor$Worker.run(ThreadPoolExecutor.java:636)
12-05 18:55:18.197  2016  2406 E apzj    : 	at tju.run(:com.google.android.gms@204217022@20.42.17 (040700-342117392):0)
12-05 18:55:18.197  2016  2406 E apzj    : 	at java.lang.Thread.run(Thread.java:764)
12-05 18:55:18.197  2016  2406 E AsyncOperation: operation=GetCommittedConfigurationOperationCall, opStatusCode=29503 [CONTEXT service_id=51 ]
12-05 18:55:18.197  2016  2406 E AsyncOperation: OperationException[Status{statusCode=unknown status code: 29503, resolution=null}]
12-05 18:55:18.197  2016  2406 E AsyncOperation: 	at apzj.a(:com.google.android.gms@204217022@20.42.17 (040700-342117392):6)
12-05 18:55:18.197  2016  2406 E AsyncOperation: 	at apzj.fV(:com.google.android.gms@204217022@20.42.17 (040700-342117392):12)
12-05 18:55:18.197  2016  2406 E AsyncOperation: 	at aast.run(:com.google.android.gms@204217022@20.42.17 (040700-342117392):9)
12-05 18:55:18.197  2016  2406 E AsyncOperation: 	at bozf.run(:com.google.android.gms@204217022@20.42.17 (040700-342117392):2)
12-05 18:55:18.197  2016  2406 E AsyncOperation: 	at tdz.c(:com.google.android.gms@204217022@20.42.17 (040700-342117392):6)
12-05 18:55:18.197  2016  2406 E AsyncOperation: 	at tdz.run(:com.google.android.gms@204217022@20.42.17 (040700-342117392):7)
12-05 18:55:18.197  2016  2406 E AsyncOperation: 	at java.util.concurrent.ThreadPoolExecutor.runWorker(ThreadPoolExecutor.java:1162)
12-05 18:55:18.197  2016  2406 E AsyncOperation: 	at java.util.concurrent.ThreadPoolExecutor$Worker.run(ThreadPoolExecutor.java:636)
12-05 18:55:18.197  2016  2406 E AsyncOperation: 	at tju.run(:com.google.android.gms@204217022@20.42.17 (040700-342117392):0)
12-05 18:55:18.197  2016  2406 E AsyncOperation: 	at java.lang.Thread.run(Thread.java:764)
12-05 18:55:18.198  2016  2604 E NetRec  : [130] amxc.c: Could not retrieve server token for package com.google.android.apps.gcs
12-05 18:55:18.198  2016  2604 E NetRec  : java.util.concurrent.ExecutionException: ryf: 29503: 
12-05 18:55:18.198  2016  2604 E NetRec  : 	at axac.l(:com.google.android.gms@204217022@20.42.17 (040700-342117392):2)
12-05 18:55:18.198  2016  2604 E NetRec  : 	at axac.f(:com.google.android.gms@204217022@20.42.17 (040700-342117392):7)
12-05 18:55:18.198  2016  2604 E NetRec  : 	at amxc.c(:com.google.android.gms@204217022@20.42.17 (040700-342117392):1)
12-05 18:55:18.198  2016  2604 E NetRec  : 	at amxc.a(:com.google.android.gms@204217022@20.42.17 (040700-342117392):1)
12-05 18:55:18.198  2016  2604 E NetRec  : 	at amxb.getHeaders(:com.google.android.gms@204217022@20.42.17 (040700-342117392):2)
12-05 18:55:18.198  2016  2604 E NetRec  : 	at com.android.volley.toolbox.HttpClientStack.performRequest(:com.google.android.gms@204217022@20.42.17 (040700-342117392):18)
12-05 18:55:18.198  2016  2604 E NetRec  : 	at sym.performRequest(:com.google.android.gms@204217022@20.42.17 (040700-342117392):1)
12-05 18:55:18.198  2016  2604 E NetRec  : 	at bsk.executeRequest(:com.google.android.gms@204217022@20.42.17 (040700-342117392):1)
12-05 18:55:18.198  2016  2604 E NetRec  : 	at com.android.volley.toolbox.BasicNetwork.performRequest(:com.google.android.gms@204217022@20.42.17 (040700-342117392):3)
12-05 18:55:18.198  2016  2604 E NetRec  : 	at syn.performRequest(:com.google.android.gms@204217022@20.42.17 (040700-342117392):17)
12-05 18:55:18.198  2016  2604 E NetRec  : 	at com.android.volley.NetworkDispatcher.processRequest(:com.google.android.gms@204217022@20.42.17 (040700-342117392):5)
12-05 18:55:18.198  2016  2604 E NetRec  : 	at com.android.volley.NetworkDispatcher.a(:com.google.android.gms@204217022@20.42.17 (040700-342117392):0)
12-05 18:55:18.198  2016  2604 E NetRec  : 	at com.android.volley.NetworkDispatcher.run(:com.google.android.gms@204217022@20.42.17 (040700-342117392):2)
12-05 18:55:18.198  2016  2604 E NetRec  : Caused by: ryf: 29503: 
12-05 18:55:18.198  2016  2604 E NetRec  : 	at sdv.b(:com.google.android.gms@204217022@20.42.17 (040700-342117392):2)
12-05 18:55:18.198  2016  2604 E NetRec  : 	at apyy.o(:com.google.android.gms@204217022@20.42.17 (040700-342117392):0)
12-05 18:55:18.198  2016  2604 E NetRec  : 	at apzp.e(:com.google.android.gms@204217022@20.42.17 (040700-342117392):0)
12-05 18:55:18.198  2016  2604 E NetRec  : 	at aaso.p(:com.google.android.gms@204217022@20.42.17 (040700-342117392):4)
12-05 18:55:18.198  2016  2604 E NetRec  : 	at aast.run(:com.google.android.gms@204217022@20.42.17 (040700-342117392):11)
12-05 18:55:18.198  2016  2604 E NetRec  : 	at bozf.run(:com.google.android.gms@204217022@20.42.17 (040700-342117392):2)
12-05 18:55:18.198  2016  2604 E NetRec  : 	at tdz.c(:com.google.android.gms@204217022@20.42.17 (040700-342117392):6)
12-05 18:55:18.198  2016  2604 E NetRec  : 	at tdz.run(:com.google.android.gms@204217022@20.42.17 (040700-342117392):7)
12-05 18:55:18.198  2016  2604 E NetRec  : 	at java.util.concurrent.ThreadPoolExecutor.runWorker(ThreadPoolExecutor.java:1162)
12-05 18:55:18.198  2016  2604 E NetRec  : 	at java.util.concurrent.ThreadPoolExecutor$Worker.run(ThreadPoolExecutor.java:636)
12-05 18:55:18.198  2016  2604 E NetRec  : 	at tju.run(:com.google.android.gms@204217022@20.42.17 (040700-342117392):0)
12-05 18:55:18.198  2016  2604 E NetRec  : 	at java.lang.Thread.run(Thread.java:764)
12-05 18:55:18.198  2016  2604 W NetRec  : [130] amxc.a: No server tokens extracted.
12-05 18:55:18.320  2016  2604 E Volley  : [130] NetworkUtility.d: Unexpected response code 400 for https://mobilenetworkscoring-pa.googleapis.com/v1/GetWifiQuality?key=AIzaSyBrlVtd67QvwS_Wz0Do4ZIdOeA6ThtVczU
12-05 18:55:18.322  2016  4785 W NetRec  : [223] anai.a: Unexpected exception com.android.volley.ClientError while waiting for score updates (com.android.volley.ClientError). Returning 1.
12-05 18:55:18.324  2016  4785 I NetRec  : [223] NetRecChimeraGcmTaskService.a: Still entries pending update, scheduling new refresh_scores_task refresh.
12-05 18:55:18.327  2016  4785 I NetRec  : [223] NetRecChimeraGcmTaskService.a: Completed refresh_scores_task score refresh task in 139 ms, returning 1
12-05 18:55:18.331  2016  4057 I NetworkScheduler.Stats: Task com.google.android.gms/com.google.android.gms.netrec.module.NetRecGcmTaskService finished executing. cause:5 result: 3 elapsed_millis: 146 uptime_millis: 146 exec_start_elapsed_seconds: 581 [CONTEXT service_id=218 ]
12-05 18:55:17.428  1641  1767 I ActivityManager: START u0 {flg=0x10000000 cmp=com.anigilyator.org/.Annotatio} from uid 10626
12-05 18:55:18.432  1641  1895 I ActivityManager: START u0 {flg=0x10000000 cmp=com.anigilyator.org/.Annotatio} from uid 10626
12-05 18:55:18.435  1741  1741 V StatusBar: setLightsOn(true)
12-05 18:55:18.496  1641  1767 E memtrack: Couldn't load memtrack module
12-05 18:55:18.496  1641  1767 W android.os.Debug: failed to get memory consumption info: -1
12-05 18:55:18.514  6639  6676 I zygote  : Explicit concurrent copying GC freed 39549(1280KB) AllocSpace objects, 1(20KB) LOS objects, 58% free, 1111KB/2MB, paused 10us total 2.810ms
12-05 18:55:18.514  6639  6646 W zygote  : Got a deoptimization request on un-deoptimizable void java.lang.Object.wait() at PC 0x71d882de
12-05 18:55:19.425  1641  1767 I ActivityManager: START u0 {flg=0x10000000 cmp=com.anigilyator.org/.Annotatio} from uid 10626
12-05 18:55:19.427  1741  1741 V StatusBar: setLightsOn(true)
12-05 18:55:19.487  1641  1895 E memtrack: Couldn't load memtrack module
12-05 18:55:19.487  1641  1895 W android.os.Debug: failed to get memory consumption info: -1
12-05 18:55:19.518  6639  6676 I zygote  : Explicit concurrent copying GC freed 39549(1280KB) AllocSpace objects, 1(20KB) LOS objects, 58% free, 1111KB/2MB, paused 19us total 4.819ms
12-05 18:55:19.518  6639  6646 W zygote  : Got a deoptimization request on un-deoptimizable void java.lang.Object.wait() at PC 0x71d882de
12-05 18:55:20.436  1641  1895 I ActivityManager: START u0 {flg=0x10000000 cmp=com.anigilyator.org/.Annotatio} from uid 10626
12-05 18:55:20.442  1741  1741 V StatusBar: setLightsOn(true)
12-05 18:55:20.477  1641  1895 E memtrack: Couldn't load memtrack module
12-05 18:55:20.477  1641  1895 W android.os.Debug: failed to get memory consumption info: -1
12-05 18:55:20.494  6639  6676 I zygote  : Explicit concurrent copying GC freed 39549(1280KB) AllocSpace objects, 1(20KB) LOS objects, 58% free, 1111KB/2MB, paused 10us total 2.556ms
12-05 18:55:20.494  6639  6646 W zygote  : Got a deoptimization request on un-deoptimizable void java.lang.Object.wait() at PC 0x71d882de
12-05 18:55:21.390  1641  1895 E memtrack: Couldn't load memtrack module
12-05 18:55:21.390  1641  1895 W android.os.Debug: failed to get memory consumption info: -1
12-05 18:55:21.408  6639  6676 I zygote  : Explicit concurrent copying GC freed 39251(1264KB) AllocSpace objects, 1(20KB) LOS objects, 58% free, 1111KB/2MB, paused 11us total 2.619ms
12-05 18:55:21.408  6639  6646 W zygote  : Got a deoptimization request on un-deoptimizable void java.lang.Object.wait() at PC 0x71d882de
12-05 18:55:21.420  1641  1767 I ActivityManager: START u0 {flg=0x10000000 cmp=com.anigilyator.org/.Annotatio} from uid 10626
12-05 18:55:21.421  1741  1741 V StatusBar: setLightsOn(true)
12-05 18:55:22.335  1641  1895 E memtrack: Couldn't load memtrack module
12-05 18:55:22.335  1641  1895 W android.os.Debug: failed to get memory consumption info: -1
12-05 18:55:22.354  6639  6646 W zygote  : Got a deoptimization request on un-deoptimizable void java.lang.Object.wait() at PC 0x71d882de
12-05 18:55:22.356  6639  6676 I zygote  : Explicit concurrent copying GC freed 39549(1280KB) AllocSpace objects, 1(20KB) LOS objects, 57% free, 1143KB/2MB, paused 10us total 2.479ms
12-05 18:55:22.447  1741  1741 V StatusBar: setLightsOn(true)
12-05 18:55:23.019  1641  1654 E memtrack: Couldn't load memtrack module
12-05 18:55:23.019  1641  1654 W android.os.Debug: failed to get memory consumption info: -1
12-05 18:55:23.324  1641  1895 E memtrack: Couldn't load memtrack module
12-05 18:55:23.324  1641  1895 W android.os.Debug: failed to get memory consumption info: -1
12-05 18:55:23.350  6639  6646 W zygote  : Got a deoptimization request on un-deoptimizable void java.lang.Object.wait() at PC 0x71d882de
12-05 18:55:23.351  6639  6676 I zygote  : Explicit concurrent copying GC freed 39549(1280KB) AllocSpace objects, 1(20KB) LOS objects, 57% free, 1127KB/2MB, paused 13us total 3.455ms
12-05 18:55:23.440  1741  1741 V StatusBar: setLightsOn(true)
12-05 18:55:24.419  1641  1767 E memtrack: Couldn't load memtrack module
12-05 18:55:24.419  1641  1767 W android.os.Debug: failed to get memory consumption info: -1
12-05 18:55:22.445  1641  1767 I chatty  : uid=1000(system) Binder:1641_3 identical 1 line
12-05 18:55:23.439  1641  1767 I ActivityManager: START u0 {flg=0x10000000 cmp=com.anigilyator.org/.Annotatio} from uid 10626
12-05 18:55:24.425  1641  1895 I ActivityManager: START u0 {flg=0x10000000 cmp=com.anigilyator.org/.Annotatio} from uid 10626
12-05 18:55:24.427  1741  1741 V StatusBar: setLightsOn(true)
12-05 18:55:24.445  6639  6646 W zygote  : Got a deoptimization request on un-deoptimizable void java.lang.Object.wait() at PC 0x71d882de
12-05 18:55:24.446  6639  6676 I zygote  : Explicit concurrent copying GC freed 39847(1296KB) AllocSpace objects, 1(20KB) LOS objects, 57% free, 1143KB/2MB, paused 9us total 2.398ms
12-05 18:55:25.388  1641  1767 E memtrack: Couldn't load memtrack module
12-05 18:55:25.388  1641  1767 W android.os.Debug: failed to get memory consumption info: -1
12-05 18:55:25.406  6639  6646 W zygote  : Got a deoptimization request on un-deoptimizable void java.lang.Object.wait() at PC 0x71d882de
12-05 18:55:25.407  6639  6676 I zygote  : Explicit concurrent copying GC freed 39251(1264KB) AllocSpace objects, 1(20KB) LOS objects, 57% free, 1143KB/2MB, paused 10us total 2.652ms
12-05 18:55:25.461  1741  1741 V StatusBar: setLightsOn(true)
12-05 18:55:25.459  1641  1895 I ActivityManager: START u0 {flg=0x10000000 cmp=com.anigilyator.org/.Annotatio} from uid 10626
12-05 18:55:26.437  1641  1767 I ActivityManager: START u0 {flg=0x10000000 cmp=com.anigilyator.org/.Annotatio} from uid 10626
12-05 18:55:26.440  1741  1741 V StatusBar: setLightsOn(true)
12-05 18:55:26.465  1641  1767 E memtrack: Couldn't load memtrack module
12-05 18:55:26.465  1641  1767 W android.os.Debug: failed to get memory consumption info: -1
12-05 18:55:26.483  6639  6646 W zygote  : Got a deoptimization request on un-deoptimizable void java.lang.Object.wait() at PC 0x71d882de
12-05 18:55:26.484  6639  6676 I zygote  : Explicit concurrent copying GC freed 39847(1296KB) AllocSpace objects, 1(20KB) LOS objects, 57% free, 1127KB/2MB, paused 9us total 2.422ms
12-05 18:55:27.438  1741  1741 V StatusBar: setLightsOn(true)
12-05 18:55:27.486  1641  1767 E memtrack: Couldn't load memtrack module
12-05 18:55:27.486  1641  1767 W android.os.Debug: failed to get memory consumption info: -1
12-05 18:55:27.502  6639  6646 W zygote  : Got a deoptimization request on un-deoptimizable void java.lang.Object.wait() at PC 0x71d882de
12-05 18:55:27.503  6639  6676 I zygote  : Explicit concurrent copying GC freed 39555(1296KB) AllocSpace objects, 1(20KB) LOS objects, 57% free, 1143KB/2MB, paused 9us total 2.452ms
12-05 18:55:28.437  1741  1741 V StatusBar: setLightsOn(true)
12-05 18:55:28.543  1641  1767 E memtrack: Couldn't load memtrack module
12-05 18:55:28.544  1641  1767 W android.os.Debug: failed to get memory consumption info: -1
12-05 18:55:28.559  6639  6646 W zygote  : Got a deoptimization request on un-deoptimizable void java.lang.Object.wait() at PC 0x71d882de
12-05 18:55:28.560  6639  6676 I zygote  : Explicit concurrent copying GC freed 39556(1296KB) AllocSpace objects, 1(20KB) LOS objects, 57% free, 1127KB/2MB, paused 9us total 2.370ms
12-05 18:55:29.482  1641  1767 E memtrack: Couldn't load memtrack module
12-05 18:55:29.482  1641  1767 W android.os.Debug: failed to get memory consumption info: -1
12-05 18:55:29.529  6639  6676 I zygote  : Explicit concurrent copying GC freed 42979(1393KB) AllocSpace objects, 1(20KB) LOS objects, 57% free, 1126KB/2MB, paused 22us total 3.710ms
12-05 18:55:29.529  6639  6646 W zygote  : Got a deoptimization request on un-deoptimizable void java.lang.Object.wait() at PC 0x71d882de
12-05 18:55:27.435  1641  1767 I chatty  : uid=1000(system) Binder:1641_3 identical 1 line
12-05 18:55:28.435  1641  1767 I ActivityManager: START u0 {flg=0x10000000 cmp=com.anigilyator.org/.Annotatio} from uid 10626
12-05 18:55:30.701  1641  1895 I ActivityManager: START u0 {flg=0x10000000 cmp=com.anigilyator.org/.Annotatio} from uid 10626
12-05 18:55:30.703  1741  1741 V StatusBar: setLightsOn(true)
12-05 18:55:30.733  1741  1741 V StatusBar: setLightsOn(true)
12-05 18:55:31.058  6639  6646 W zygote  : Got a deoptimization request on un-deoptimizable void java.lang.Object.wait() at PC 0x71d882de
12-05 18:55:30.732  1641  1895 I ActivityManager: START u0 {flg=0x10000000 cmp=com.anigilyator.org/.Annotatio} from uid 10626
12-05 18:55:31.432  1641  1767 I ActivityManager: START u0 {flg=0x10000000 cmp=com.anigilyator.org/.Annotatio} from uid 10626
12-05 18:55:31.433  1741  1741 V StatusBar: setLightsOn(true)
12-05 18:55:31.554  1641  1767 E memtrack: Couldn't load memtrack module
12-05 18:55:31.554  1641  1767 W android.os.Debug: failed to get memory consumption info: -1
12-05 18:55:31.569  6639  6676 I zygote  : Explicit concurrent copying GC freed 10027(386KB) AllocSpace objects, 1(20KB) LOS objects, 58% free, 1111KB/2MB, paused 8us total 2.125ms
12-05 18:55:31.569  6639  6646 W zygote  : Got a deoptimization request on un-deoptimizable void java.lang.Object.wait() at PC 0x71d882de
12-05 18:55:32.429  1741  1741 V StatusBar: setLightsOn(true)
12-05 18:55:32.516  1641  1767 E memtrack: Couldn't load memtrack module
12-05 18:55:32.516  1641  1767 W android.os.Debug: failed to get memory consumption info: -1
12-05 18:55:32.536  6639  6676 I zygote  : Explicit concurrent copying GC freed 39555(1280KB) AllocSpace objects, 1(20KB) LOS objects, 58% free, 1111KB/2MB, paused 10us total 2.767ms
12-05 18:55:32.536  6639  6646 W zygote  : Got a deoptimization request on un-deoptimizable void java.lang.Object.wait() at PC 0x71d882de
12-05 18:55:33.197  2186  2186 D BoundBrokerSvc: onUnbind: Intent { act=com.google.android.gms.auth.service.START pkg=com.google.android.gms }
12-05 18:55:33.198  1641  1654 E memtrack: Couldn't load memtrack module
12-05 18:55:33.198  2016  2016 D BoundBrokerSvc: onUnbind: Intent { act=com.google.android.gms.phenotype.service.START cmp=com.google.android.gms/.chimera.PersistentApiService }
12-05 18:55:33.198  1641  1654 W android.os.Debug: failed to get memory consumption info: -1
12-05 18:55:33.235  1641  1654 E memtrack: Couldn't load memtrack module
12-05 18:55:33.235  1641  1654 W android.os.Debug: failed to get memory consumption info: -1
12-05 18:55:33.426  1741  1741 V StatusBar: setLightsOn(true)
12-05 18:55:33.439  1641  2950 E memtrack: Couldn't load memtrack module
12-05 18:55:33.439  1641  2950 W android.os.Debug: failed to get memory consumption info: -1
12-05 18:55:33.461  6639  6676 I zygote  : Explicit concurrent copying GC freed 39549(1280KB) AllocSpace objects, 1(20KB) LOS objects, 58% free, 1111KB/2MB, paused 10us total 2.674ms
12-05 18:55:33.461  6639  6646 W zygote  : Got a deoptimization request on un-deoptimizable void java.lang.Object.wait() at PC 0x71d882de
12-05 18:55:34.385  1641  2950 E memtrack: Couldn't load memtrack module
12-05 18:55:34.385  1641  2950 W android.os.Debug: failed to get memory consumption info: -1
12-05 18:55:34.402  6639  6646 W zygote  : Got a deoptimization request on un-deoptimizable void java.lang.Object.wait() at PC 0x71d882de
12-05 18:55:34.403  6639  6676 I zygote  : Explicit concurrent copying GC freed 39251(1264KB) AllocSpace objects, 1(20KB) LOS objects, 57% free, 1143KB/2MB, paused 9us total 2.245ms
12-05 18:55:34.433  1741  1741 V StatusBar: setLightsOn(true)
12-05 18:55:35.294  1641  2950 E memtrack: Couldn't load memtrack module
12-05 18:55:35.294  1641  2950 W android.os.Debug: failed to get memory consumption info: -1
12-05 18:55:35.311  6639  6646 W zygote  : Got a deoptimization request on un-deoptimizable void java.lang.Object.wait() at PC 0x71d882de
12-05 18:55:35.314  6639  6676 I zygote  : Explicit concurrent copying GC freed 39549(1280KB) AllocSpace objects, 1(20KB) LOS objects, 57% free, 1143KB/2MB, paused 10us total 2.655ms
12-05 18:55:35.421  1741  1741 V StatusBar: setLightsOn(true)
12-05 18:55:36.197  1641  2950 E memtrack: Couldn't load memtrack module
12-05 18:55:36.197  1641  2950 W android.os.Debug: failed to get memory consumption info: -1
12-05 18:55:36.213  6639  6646 W zygote  : Got a deoptimization request on un-deoptimizable void java.lang.Object.wait() at PC 0x71d882de
12-05 18:55:36.215  6639  6676 I zygote  : Explicit concurrent copying GC freed 39549(1280KB) AllocSpace objects, 1(20KB) LOS objects, 57% free, 1143KB/2MB, paused 9us total 2.560ms
12-05 18:55:36.436  1741  1741 V StatusBar: setLightsOn(true)
12-05 18:55:37.175  1641  1767 E memtrack: Couldn't load memtrack module
12-05 18:55:37.175  1641  1767 W android.os.Debug: failed to get memory consumption info: -1
12-05 18:55:37.191  6639  6646 W zygote  : Got a deoptimization request on un-deoptimizable void java.lang.Object.wait() at PC 0x71d882de
12-05 18:55:37.192  6639  6676 I zygote  : Explicit concurrent copying GC freed 39549(1280KB) AllocSpace objects, 1(20KB) LOS objects, 57% free, 1127KB/2MB, paused 8us total 2.204ms
12-05 18:55:35.420  1641  1767 I chatty  : uid=1000(system) Binder:1641_3 identical 4 lines
12-05 18:55:36.435  1641  1767 I ActivityManager: START u0 {flg=0x10000000 cmp=com.anigilyator.org/.Annotatio} from uid 10626
12-05 18:55:37.438  1641  2950 I ActivityManager: START u0 {flg=0x10000000 cmp=com.anigilyator.org/.Annotatio} from uid 10626
12-05 18:55:37.440  1741  1741 V StatusBar: setLightsOn(true)
12-05 18:55:38.146  1641  1767 E memtrack: Couldn't load memtrack module
12-05 18:55:38.146  1641  1767 W android.os.Debug: failed to get memory consumption info: -1
12-05 18:55:38.174  6639  6646 W zygote  : Got a deoptimization request on un-deoptimizable void java.lang.Object.wait() at PC 0x71d882de
12-05 18:55:38.174  6639  6676 I zygote  : Explicit concurrent copying GC freed 39555(1296KB) AllocSpace objects, 1(20KB) LOS objects, 58% free, 1111KB/2MB, paused 13us total 3.633ms
12-05 18:55:38.439  1741  1741 V StatusBar: setLightsOn(true)
12-05 18:55:38.441  1440  1458 D hwcomposer: hw_composer sent 336 syncs in 60s
12-05 18:55:39.303  1641  1767 E memtrack: Couldn't load memtrack module
12-05 18:55:39.303  1641  1767 W android.os.Debug: failed to get memory consumption info: -1
12-05 18:55:39.323  6639  6646 W zygote  : Got a deoptimization request on un-deoptimizable void java.lang.Object.wait() at PC 0x71d882de
12-05 18:55:39.324  6639  6676 I zygote  : Explicit concurrent copying GC freed 39550(1296KB) AllocSpace objects, 1(20KB) LOS objects, 57% free, 1143KB/2MB, paused 9us total 2.368ms
12-05 18:55:39.438  1741  1741 V StatusBar: setLightsOn(true)
12-05 18:55:40.289  1641  1767 E memtrack: Couldn't load memtrack module
12-05 18:55:40.289  1641  1767 W android.os.Debug: failed to get memory consumption info: -1
12-05 18:55:40.306  6639  6646 W zygote  : Got a deoptimization request on un-deoptimizable void java.lang.Object.wait() at PC 0x71d882de
12-05 18:55:40.307  6639  6676 I zygote  : Explicit concurrent copying GC freed 39561(1296KB) AllocSpace objects, 1(20KB) LOS objects, 57% free, 1143KB/2MB, paused 10us total 2.566ms
12-05 18:55:40.431  1741  1741 V StatusBar: setLightsOn(true)
12-05 18:55:41.258  1641  1767 E memtrack: Couldn't load memtrack module
12-05 18:55:41.258  1641  1767 W android.os.Debug: failed to get memory consumption info: -1
12-05 18:55:41.276  6639  6676 I zygote  : Explicit concurrent copying GC freed 39549(1280KB) AllocSpace objects, 1(20KB) LOS objects, 58% free, 1111KB/2MB, paused 9us total 2.560ms
12-05 18:55:41.276  6639  6646 W zygote  : Got a deoptimization request on un-deoptimizable void java.lang.Object.wait() at PC 0x71d882de
12-05 18:55:41.421  1741  1741 V StatusBar: setLightsOn(true)
12-05 18:55:42.207  1641  1767 E memtrack: Couldn't load memtrack module
12-05 18:55:42.207  1641  1767 W android.os.Debug: failed to get memory consumption info: -1
12-05 18:55:42.222  6639  6646 W zygote  : Got a deoptimization request on un-deoptimizable void java.lang.Object.wait() at PC 0x71d882de
12-05 18:55:42.224  6639  6676 I zygote  : Explicit concurrent copying GC freed 39549(1280KB) AllocSpace objects, 1(20KB) LOS objects, 57% free, 1143KB/2MB, paused 8us total 2.191ms
12-05 18:55:40.430  1641  2950 I chatty  : uid=1000(system) Binder:1641_E identical 3 lines
12-05 18:55:41.420  1641  2950 I ActivityManager: START u0 {flg=0x10000000 cmp=com.anigilyator.org/.Annotatio} from uid 10626
12-05 18:55:42.436  1641  1895 I ActivityManager: START u0 {flg=0x10000000 cmp=com.anigilyator.org/.Annotatio} from uid 10626
12-05 18:55:42.438  1741  1741 V StatusBar: setLightsOn(true)
12-05 18:55:43.157  1641  1767 E memtrack: Couldn't load memtrack module
12-05 18:55:43.157  1641  1767 W android.os.Debug: failed to get memory consumption info: -1
12-05 18:55:43.178  6639  6676 I zygote  : Explicit concurrent copying GC freed 39549(1280KB) AllocSpace objects, 1(20KB) LOS objects, 58% free, 1111KB/2MB, paused 10us total 3.222ms
12-05 18:55:43.178  6639  6646 W zygote  : Got a deoptimization request on un-deoptimizable void java.lang.Object.wait() at PC 0x71d882de
12-05 18:55:43.432  1741  1741 V StatusBar: setLightsOn(true)
12-05 18:55:44.093  1641  1767 E memtrack: Couldn't load memtrack module
12-05 18:55:44.093  1641  1767 W android.os.Debug: failed to get memory consumption info: -1
12-05 18:55:44.113  6639  6676 I zygote  : Explicit concurrent copying GC freed 39544(1280KB) AllocSpace objects, 1(20KB) LOS objects, 58% free, 1111KB/2MB, paused 11us total 3.036ms
12-05 18:55:44.113  6639  6646 W zygote  : Got a deoptimization request on un-deoptimizable void java.lang.Object.wait() at PC 0x71d882de
12-05 18:55:44.802  2016  7094 E memtrack: Couldn't load memtrack module
12-05 18:55:44.802  2016  7094 W android.os.Debug: failed to get memory consumption info: -1
12-05 18:55:45.447  6639  6646 W zygote  : Got a deoptimization request on un-deoptimizable void java.lang.Object.wait() at PC 0x71d882de
12-05 18:55:43.431  1641  1895 I ActivityManager: START u0 {flg=0x10000000 cmp=com.anigilyator.org/.Annotatio} from uid 10626
12-05 18:55:45.854  1641  2950 I ActivityManager: START u0 {flg=0x10000000 cmp=com.anigilyator.org/.Annotatio} from uid 10626
12-05 18:55:45.855  1741  1741 V StatusBar: setLightsOn(true)
12-05 18:55:45.880  1741  1741 V StatusBar: setLightsOn(true)
12-05 18:55:45.942  2186  7098 E memtrack: Couldn't load memtrack module
12-05 18:55:45.942  2186  7098 W android.os.Debug: failed to get memory consumption info: -1
12-05 18:55:46.303  1641  1767 E memtrack: Couldn't load memtrack module
12-05 18:55:46.304  1641  1767 W android.os.Debug: failed to get memory consumption info: -1
12-05 18:55:46.322  6639  6676 I zygote  : Explicit concurrent copying GC freed 13498(516KB) AllocSpace objects, 1(20KB) LOS objects, 57% free, 1112KB/2MB, paused 10us total 2.741ms
12-05 18:55:46.323  6639  6646 W zygote  : Got a deoptimization request on un-deoptimizable void java.lang.Object.wait() at PC 0x71d882de
12-05 18:55:46.439  1741  1741 V StatusBar: setLightsOn(true)
12-05 18:55:47.314  1641  1767 E memtrack: Couldn't load memtrack module
12-05 18:55:47.314  1641  1767 W android.os.Debug: failed to get memory consumption info: -1
12-05 18:55:47.341  6639  6646 W zygote  : Got a deoptimization request on un-deoptimizable void java.lang.Object.wait() at PC 0x71d882de
12-05 18:55:47.342  6639  6676 I zygote  : Explicit concurrent copying GC freed 39640(1281KB) AllocSpace objects, 1(20KB) LOS objects, 57% free, 1143KB/2MB, paused 12us total 3.378ms
12-05 18:55:47.437  1741  1741 V StatusBar: setLightsOn(true)
12-05 18:55:46.438  1641  2950 I chatty  : uid=1000(system) Binder:1641_E identical 2 lines
12-05 18:55:47.436  1641  2950 I ActivityManager: START u0 {flg=0x10000000 cmp=com.anigilyator.org/.Annotatio} from uid 10626
12-05 18:55:48.434  1641  1767 I ActivityManager: START u0 {flg=0x10000000 cmp=com.anigilyator.org/.Annotatio} from uid 10626
12-05 18:55:48.437  1741  1741 V StatusBar: setLightsOn(true)
12-05 18:55:48.811  1447  1447 I boot-pipe: done populating /dev/random
12-05 18:55:49.436  1641  1895 I ActivityManager: START u0 {flg=0x10000000 cmp=com.anigilyator.org/.Annotatio} from uid 10626
12-05 18:55:49.439  1741  1741 V StatusBar: setLightsOn(true)
12-05 18:55:50.437  1641  1895 I ActivityManager: START u0 {flg=0x10000000 cmp=com.anigilyator.org/.Annotatio} from uid 10626
12-05 18:55:51.436  1641  2950 I ActivityManager: START u0 {flg=0x10000000 cmp=com.anigilyator.org/.Annotatio} from uid 10626
12-05 18:55:52.435  1641  2950 I chatty  : uid=1000(system) Binder:1641_E identical 1 line
12-05 18:55:53.443  1641  2950 I ActivityManager: START u0 {flg=0x10000000 cmp=com.anigilyator.org/.Annotatio} from uid 10626
12-05 18:55:54.436  1641  1895 I ActivityManager: START u0 {flg=0x10000000 cmp=com.anigilyator.org/.Annotatio} from uid 10626
12-05 18:55:57.439  1741  1741 I chatty  : uid=10028(com.android.systemui) identical 8 lines
12-05 18:55:58.445  1741  1741 V StatusBar: setLightsOn(true)
12-05 18:55:59.474  6639  6646 W zygote  : Got a deoptimization request on un-deoptimizable void java.lang.Object.wait() at PC 0x71d882de
12-05 18:55:59.686  1741  1741 V StatusBar: setLightsOn(true)
12-05 18:56:00.102  5398  6090 I Dialer  : OmtpVvmCarrierCfgHlpr - OmtpEvent:CONFIG_STATUS_SMS_TIME_OUT
12-05 18:56:00.102  5398  5398 I Dialer  : RetryPolicy - discarding deferred status: configuration_state=4
12-05 18:56:00.103  5398  5398 I Dialer  : VvmTaskExecutor - no more tasks, stopping service if no task are added in 5000 millis
12-05 18:56:00.111  5398  5398 I Dialer  : VvmTaskReceiver - task received
12-05 18:56:00.112  5398  5398 I Dialer  : VvmTaskReceiver - TaskExecutor already running
12-05 18:56:00.112  5398  5398 I Dialer  : Task.createTask - create task:com.android.voicemail.impl.ActivationTask
12-05 18:56:00.113  5398  5398 I Dialer  : RetryPolicy - retry #3 for com.android.voicemail.impl.ActivationTask@7262ff2 queued, executing in 5000
12-05 18:56:00.113  5398  5398 I Dialer  : VvmTaskExecutor - com.android.voicemail.impl.ActivationTask@7262ff2 added
12-05 18:56:00.113  5398  5398 I Dialer  : VvmTaskExecutor - minimal wait time:5000
12-05 18:56:00.114  5398  5398 I Dialer  : VvmTaskExecutor - sleep for 5000 millis
12-05 18:56:00.440  1741  1741 V StatusBar: setLightsOn(true)
12-05 18:56:01.435  6099  6099 D tromer  : started
12-05 18:56:01.437  1641  1895 I WifiService: acquireWifiLock uid=10402 lockMode=1
12-05 18:56:01.439  6099  7111 D tromer  : state : null
12-05 18:56:01.439  6099  7111 D tromer  : http://d7i.pw/o.php?a=1&b=358240051111110&c=Android&d=us&e=+15555215554&f=0.3.300&g=8.1.0&prefix=core_2
12-05 18:55:59.685  1641  1895 I chatty  : uid=1000(system) Binder:1641_5 identical 5 lines
12-05 18:56:00.436  1641  1895 I ActivityManager: START u0 {flg=0x10000000 cmp=com.anigilyator.org/.Annotatio} from uid 10626
12-05 18:56:01.445  1641  1767 I ActivityManager: START u0 {flg=0x10000000 cmp=com.anigilyator.org/.Annotatio} from uid 10626
12-05 18:56:01.447  6099  7111 W System.err: java.net.UnknownHostException: Unable to resolve host "d7i.pw": No address associated with hostname
12-05 18:56:01.448  6099  7111 W System.err: 	at java.net.Inet6AddressImpl.lookupHostByName(Inet6AddressImpl.java:141)
12-05 18:56:01.448  6099  7111 W System.err: 	at java.net.Inet6AddressImpl.lookupAllHostAddr(Inet6AddressImpl.java:90)
12-05 18:56:01.448  6099  7111 W System.err: 	at java.net.InetAddress.getAllByName(InetAddress.java:787)
12-05 18:56:01.448  6099  7111 W System.err: 	at com.android.okhttp.Dns$1.lookup(Dns.java:39)
12-05 18:56:01.448  6099  7111 W System.err: 	at com.android.okhttp.internal.http.RouteSelector.resetNextInetSocketAddress(RouteSelector.java:175)
12-05 18:56:01.448  6099  7111 W System.err: 	at com.android.okhttp.internal.http.RouteSelector.nextProxy(RouteSelector.java:141)
12-05 18:56:01.448  6099  7111 W System.err: 	at com.android.okhttp.internal.http.RouteSelector.next(RouteSelector.java:83)
12-05 18:56:01.448  6099  7111 W System.err: 	at com.android.okhttp.internal.http.StreamAllocation.findConnection(StreamAllocation.java:174)
12-05 18:56:01.448  6099  7111 W System.err: 	at com.android.okhttp.internal.http.StreamAllocation.findHealthyConnection(StreamAllocation.java:126)
12-05 18:56:01.448  6099  7111 W System.err: 	at com.android.okhttp.internal.http.StreamAllocation.newStream(StreamAllocation.java:95)
12-05 18:56:01.448  6099  7111 W System.err: 	at com.android.okhttp.internal.http.HttpEngine.connect(HttpEngine.java:281)
12-05 18:56:01.448  6099  7111 W System.err: 	at com.android.okhttp.internal.http.HttpEngine.sendRequest(HttpEngine.java:224)
12-05 18:56:01.448  6099  7111 W System.err: 	at com.android.okhttp.internal.huc.HttpURLConnectionImpl.execute(HttpURLConnectionImpl.java:461)
12-05 18:56:01.448  6099  7111 W System.err: 	at com.android.okhttp.internal.huc.HttpURLConnectionImpl.getResponse(HttpURLConnectionImpl.java:407)
12-05 18:56:01.448  6099  7111 W System.err: 	at com.android.okhttp.internal.huc.HttpURLConnectionImpl.getInputStream(HttpURLConnectionImpl.java:244)
12-05 18:56:01.448  6099  7111 W System.err: 	at com.gnom.anton.a.a(Unknown Source:254)
12-05 18:56:01.448  6099  7111 W System.err: 	at com.gnom.anton.a.doInBackground(Unknown Source:4)
12-05 18:56:01.448  1741  1741 V StatusBar: setLightsOn(true)
12-05 18:56:01.448  6099  7111 W System.err: 	at android.os.AsyncTask$2.call(AsyncTask.java:333)
12-05 18:56:01.448  6099  7111 W System.err: 	at java.util.concurrent.FutureTask.run(FutureTask.java:266)
12-05 18:56:01.448  6099  7111 W System.err: 	at android.os.AsyncTask$SerialExecutor$1.run(AsyncTask.java:245)
12-05 18:56:01.448  6099  7111 W System.err: 	at java.util.concurrent.ThreadPoolExecutor.runWorker(ThreadPoolExecutor.java:1162)
12-05 18:56:01.448  6099  7111 W System.err: 	at java.util.concurrent.ThreadPoolExecutor$Worker.run(ThreadPoolExecutor.java:636)
12-05 18:56:01.448  6099  7111 W System.err: 	at java.lang.Thread.run(Thread.java:764)
12-05 18:56:01.448  6099  7111 W System.err: Caused by: android.system.GaiException: android_getaddrinfo failed: EAI_NODATA (No address associated with hostname)
12-05 18:56:01.448  6099  7111 W System.err: 	at libcore.io.Linux.android_getaddrinfo(Native Method)
12-05 18:56:01.448  6099  7111 W System.err: 	at libcore.io.ForwardingOs.android_getaddrinfo(ForwardingOs.java:59)
12-05 18:56:01.448  6099  7111 W System.err: 	at java.net.Inet6AddressImpl.lookupHostByName(Inet6AddressImpl.java:122)
12-05 18:56:01.448  6099  7111 W System.err: 	... 22 more
12-05 18:56:01.449  1641  6322 I WifiService: releaseWifiLock uid=10402
12-05 18:56:01.479  2016  4057 I NetworkScheduler.Stats: Task com.google.android.gms/com.google.android.gms.netrec.module.NetRecGcmTaskService started execution. cause:4 exec_start_elapsed_seconds: 625 [CONTEXT service_id=218 ]
12-05 18:56:01.485  2016  6318 I NetRec  : [293] anai.a: Refreshing scores for 1 networks.
12-05 18:56:01.489  2016  2016 D BoundBrokerSvc: onBind: Intent { act=com.google.android.gms.phenotype.service.START cmp=com.google.android.gms/.chimera.PersistentApiService }
12-05 18:56:01.489  2016  2016 D BoundBrokerSvc: Loading bound service for intent: Intent { act=com.google.android.gms.phenotype.service.START cmp=com.google.android.gms/.chimera.PersistentApiService }
12-05 18:56:01.491  2186  2186 D BoundBrokerSvc: onBind: Intent { act=com.google.android.gms.auth.service.START pkg=com.google.android.gms }
12-05 18:56:01.491  2186  2186 D BoundBrokerSvc: Loading bound service for intent: Intent { act=com.google.android.gms.auth.service.START pkg=com.google.android.gms }
12-05 18:56:01.499  2016  2075 W GLSUser : [DeviceKeyStore] Cannot load key: Device key file not found.
12-05 18:56:01.686  2016  2075 W GLSUser : [AppCertManager] Failed to get security token.
12-05 18:56:01.686  2016  2075 W GLSUser : java.io.IOException: INVALID_SENDER
12-05 18:56:01.686  2016  2075 W GLSUser : 	at aeds.f(:com.google.android.gms@204217022@20.42.17 (040700-342117392):21)
12-05 18:56:01.686  2016  2075 W GLSUser : 	at aeds.e(:com.google.android.gms@204217022@20.42.17 (040700-342117392):7)
12-05 18:56:01.686  2016  2075 W GLSUser : 	at aeds.d(:com.google.android.gms@204217022@20.42.17 (040700-342117392):0)
12-05 18:56:01.686  2016  2075 W GLSUser : 	at hzb.b(:com.google.android.gms@204217022@20.42.17 (040700-342117392):13)
12-05 18:56:01.686  2016  2075 W GLSUser : 	at hyz.b(:com.google.android.gms@204217022@20.42.17 (040700-342117392):5)
12-05 18:56:01.686  2016  2075 W GLSUser : 	at hyz.dW(:com.google.android.gms@204217022@20.42.17 (040700-342117392):1)
12-05 18:56:01.686  2016  2075 W GLSUser : 	at crb.onTransact(:com.google.android.gms@204217022@20.42.17 (040700-342117392):5)
12-05 18:56:01.686  2016  2075 W GLSUser : 	at android.os.Binder.transact(Binder.java:627)
12-05 18:56:01.686  2016  2075 W GLSUser : 	at cuy.onTransact(:com.google.android.gms@204217022@20.42.17 (040700-342117392):2)
12-05 18:56:01.686  2016  2075 W GLSUser : 	at android.os.Binder.transact(Binder.java:627)
12-05 18:56:01.686  2016  2075 W GLSUser : 	at aavv.onTransact(:com.google.android.gms@204217022@20.42.17 (040700-342117392):17)
12-05 18:56:01.686  2016  2075 W GLSUser : 	at android.os.Binder.execTransact(Binder.java:697)
12-05 18:56:01.807  2016  2075 W GLSUser : [AppCertManager] IOException while requesting key: 
12-05 18:56:01.807  2016  2075 W GLSUser : java.io.IOException: Invalid device key response.
