12-05 18:54:24.439  1641  2172 I ActivityManager: START u0 {flg=0x10000000 cmp=com.anigilyator.org/.Annotatio} from uid 10626
12-05 18:54:24.440  1741  1741 V StatusBar: setLightsOn(true)
12-05 18:54:24.907  1641  1895 E memtrack: Couldn't load memtrack module
12-05 18:54:24.907  1641  1895 W android.os.Debug: failed to get memory consumption info: -1
12-05 18:54:24.925  6639  6646 W zygote  : Got a deoptimization request on un-deoptimizable void java.lang.Object.wait() at PC 0x71d882de
12-05 18:54:24.926  6639  6676 I zygote  : Explicit concurrent copying GC freed 39567(1296KB) AllocSpace objects, 1(20KB) LOS objects, 57% free, 1143KB/2MB, paused 10us total 2.895ms
12-05 18:54:25.437  1741  1741 V StatusBar: setLightsOn(true)
12-05 18:54:25.879  1641  1895 E memtrack: Couldn't load memtrack module
12-05 18:54:25.879  1641  1895 W android.os.Debug: failed to get memory consumption info: -1
12-05 18:54:25.894  6639  6646 W zygote  : Got a deoptimization request on un-deoptimizable void java.lang.Object.wait() at PC 0x71d882de
12-05 18:54:25.894  6639  6676 I zygote  : Explicit concurrent copying GC freed 39555(1280KB) AllocSpace objects, 1(20KB) LOS objects, 57% free, 1127KB/2MB, paused 8us total 2.253ms
12-05 18:54:25.436  1641  2172 I ActivityManager: START u0 {flg=0x10000000 cmp=com.anigilyator.org/.Annotatio} from uid 10626
12-05 18:54:26.435  1641  2950 I ActivityManager: START u0 {flg=0x10000000 cmp=com.anigilyator.org/.Annotatio} from uid 10626
12-05 18:54:26.436  1741  1741 V StatusBar: setLightsOn(true)
12-05 18:54:26.822  1641  1895 E memtrack: Couldn't load memtrack module
12-05 18:54:26.822  1641  1895 W android.os.Debug: failed to get memory consumption info: -1
12-05 18:54:26.840  6639  6676 I zygote  : Explicit concurrent copying GC freed 39555(1280KB) AllocSpace objects, 1(20KB) LOS objects, 58% free, 1111KB/2MB, paused 10us total 2.874ms
12-05 18:54:26.840  6639  6646 W zygote  : Got a deoptimization request on un-deoptimizable void java.lang.Object.wait() at PC 0x71d882de
12-05 18:54:27.435  1741  1741 V StatusBar: setLightsOn(true)
12-05 18:54:27.828  1641  1895 E memtrack: Couldn't load memtrack module
12-05 18:54:27.829  1641  1895 W android.os.Debug: failed to get memory consumption info: -1
12-05 18:54:27.845  6639  6646 W zygote  : Got a deoptimization request on un-deoptimizable void java.lang.Object.wait() at PC 0x71d882de
12-05 18:54:27.845  6639  6676 I zygote  : Explicit concurrent copying GC freed 39555(1280KB) AllocSpace objects, 1(20KB) LOS objects, 57% free, 1127KB/2MB, paused 12us total 2.685ms
12-05 18:54:27.434  1641  2950 I ActivityManager: START u0 {flg=0x10000000 cmp=com.anigilyator.org/.Annotatio} from uid 10626
12-05 18:54:28.423  1641  1895 I ActivityManager: START u0 {flg=0x10000000 cmp=com.anigilyator.org/.Annotatio} from uid 10626
12-05 18:54:28.424  1741  1741 V StatusBar: setLightsOn(true)
12-05 18:54:28.751  1641  1895 E memtrack: Couldn't load memtrack module
12-05 18:54:28.751  1641  1895 W android.os.Debug: failed to get memory consumption info: -1
12-05 18:54:28.765  6639  6676 I zygote  : Explicit concurrent copying GC freed 39550(1280KB) AllocSpace objects, 1(20KB) LOS objects, 58% free, 1111KB/2MB, paused 8us total 2.221ms
12-05 18:54:28.765  6639  6646 W zygote  : Got a deoptimization request on un-deoptimizable void java.lang.Object.wait() at PC 0x71d882de
12-05 18:54:29.537  6639  6646 W zygote  : Got a deoptimization request on un-deoptimizable void java.lang.Object.wait() at PC 0x71d882de
12-05 18:54:29.627  1641  1895 E memtrack: Couldn't load memtrack module
12-05 18:54:29.627  1641  1895 W android.os.Debug: failed to get memory consumption info: -1
12-05 18:54:29.675  6639  6646 W zygote  : Got a deoptimization request on un-deoptimizable void java.lang.Object.wait() at PC 0x71d882de
12-05 18:54:29.675  6639  6676 I zygote  : Explicit concurrent copying GC freed 7509(336KB) AllocSpace objects, 0(0B) LOS objects, 57% free, 1146KB/2MB, paused 31us total 2.879ms
12-05 18:54:30.046  1641  2950 I ActivityManager: START u0 {flg=0x10000000 cmp=com.anigilyator.org/.Annotatio} from uid 10626
12-05 18:54:30.047  1741  1741 V StatusBar: setLightsOn(true)
12-05 18:54:30.423  1741  1741 V StatusBar: setLightsOn(true)
12-05 18:54:30.890  1641  1895 E memtrack: Couldn't load memtrack module
12-05 18:54:30.890  1641  1895 W android.os.Debug: failed to get memory consumption info: -1
12-05 18:54:30.903  6639  6676 I zygote  : Waiting for a blocking GC Explicit
12-05 18:54:30.904  6639  6646 W zygote  : Got a deoptimization request on un-deoptimizable void java.lang.Object.wait() at PC 0x71d882de
12-05 18:54:30.907  6639  6676 I zygote  : Explicit concurrent copying GC freed 216(60KB) AllocSpace objects, 0(0B) LOS objects, 57% free, 1128KB/2MB, paused 31us total 2.923ms
12-05 18:54:30.421  1641  2950 I ActivityManager: START u0 {flg=0x10000000 cmp=com.anigilyator.org/.Annotatio} from uid 10626
12-05 18:54:31.450  1641  2172 I ActivityManager: START u0 {flg=0x10000000 cmp=com.anigilyator.org/.Annotatio} from uid 10626
12-05 18:54:31.452  1741  1741 V StatusBar: setLightsOn(true)
12-05 18:54:31.846  1641  1895 E memtrack: Couldn't load memtrack module
12-05 18:54:31.846  1641  1895 W android.os.Debug: failed to get memory consumption info: -1
12-05 18:54:31.866  6639  6676 I zygote  : Explicit concurrent copying GC freed 39621(1281KB) AllocSpace objects, 1(20KB) LOS objects, 58% free, 1111KB/2MB, paused 12us total 3.081ms
12-05 18:54:31.866  6639  6646 W zygote  : Got a deoptimization request on un-deoptimizable void java.lang.Object.wait() at PC 0x71d882de
12-05 18:54:32.437  1741  1741 V StatusBar: setLightsOn(true)
12-05 18:54:32.817  1641  1895 E memtrack: Couldn't load memtrack module
12-05 18:54:32.817  1641  1895 W android.os.Debug: failed to get memory consumption info: -1
12-05 18:54:32.833  6639  6676 I zygote  : Explicit concurrent copying GC freed 39555(1280KB) AllocSpace objects, 1(20KB) LOS objects, 58% free, 1111KB/2MB, paused 10us total 2.480ms
12-05 18:54:32.833  6639  6646 W zygote  : Got a deoptimization request on un-deoptimizable void java.lang.Object.wait() at PC 0x71d882de
12-05 18:54:32.436  1641  2172 I ActivityManager: START u0 {flg=0x10000000 cmp=com.anigilyator.org/.Annotatio} from uid 10626
12-05 18:54:33.423  1641  1895 I ActivityManager: START u0 {flg=0x10000000 cmp=com.anigilyator.org/.Annotatio} from uid 10626
12-05 18:54:33.425  1741  1741 V StatusBar: setLightsOn(true)
12-05 18:54:33.750  1641  1895 E memtrack: Couldn't load memtrack module
12-05 18:54:33.750  1641  1895 W android.os.Debug: failed to get memory consumption info: -1
12-05 18:54:33.766  6639  6676 I zygote  : Explicit concurrent copying GC freed 39555(1280KB) AllocSpace objects, 1(20KB) LOS objects, 58% free, 1111KB/2MB, paused 9us total 2.320ms
12-05 18:54:33.766  6639  6646 W zygote  : Got a deoptimization request on un-deoptimizable void java.lang.Object.wait() at PC 0x71d882de
12-05 18:54:34.431  1741  1741 V StatusBar: setLightsOn(true)
12-05 18:54:34.676  1641  1895 E memtrack: Couldn't load memtrack module
12-05 18:54:34.676  1641  1895 W android.os.Debug: failed to get memory consumption info: -1
12-05 18:54:34.696  6639  6676 I zygote  : Explicit concurrent copying GC freed 39561(1296KB) AllocSpace objects, 1(20KB) LOS objects, 58% free, 1111KB/2MB, paused 10us total 2.807ms
12-05 18:54:34.696  6639  6646 W zygote  : Got a deoptimization request on un-deoptimizable void java.lang.Object.wait() at PC 0x71d882de
12-05 18:54:35.440  1741  1741 V StatusBar: setLightsOn(true)
12-05 18:54:35.653  1641  1895 E memtrack: Couldn't load memtrack module
12-05 18:54:35.653  1641  1895 W android.os.Debug: failed to get memory consumption info: -1
12-05 18:54:35.669  6639  6676 I zygote  : Explicit concurrent copying GC freed 39567(1296KB) AllocSpace objects, 1(20KB) LOS objects, 58% free, 1111KB/2MB, paused 9us total 2.512ms
12-05 18:54:35.669  6639  6646 W zygote  : Got a deoptimization request on un-deoptimizable void java.lang.Object.wait() at PC 0x71d882de
12-05 18:54:36.441  1741  1741 V StatusBar: setLightsOn(true)
12-05 18:54:36.572  1641  1895 E memtrack: Couldn't load memtrack module
12-05 18:54:36.572  1641  1895 W android.os.Debug: failed to get memory consumption info: -1
12-05 18:54:36.589  6639  6676 I zygote  : Explicit concurrent copying GC freed 39555(1280KB) AllocSpace objects, 1(20KB) LOS objects, 58% free, 1111KB/2MB, paused 9us total 2.466ms
12-05 18:54:36.589  6639  6646 W zygote  : Got a deoptimization request on un-deoptimizable void java.lang.Object.wait() at PC 0x71d882de
12-05 18:54:37.427  1741  1741 V StatusBar: setLightsOn(true)
12-05 18:54:37.529  1641  1895 E memtrack: Couldn't load memtrack module
12-05 18:54:37.529  1641  1895 W android.os.Debug: failed to get memory consumption info: -1
12-05 18:54:37.545  6639  6646 W zygote  : Got a deoptimization request on un-deoptimizable void java.lang.Object.wait() at PC 0x71d882de
12-05 18:54:37.547  6639  6676 I zygote  : Explicit concurrent copying GC freed 39555(1280KB) AllocSpace objects, 1(20KB) LOS objects, 57% free, 1143KB/2MB, paused 10us total 2.452ms
12-05 18:54:38.427  1741  1741 V StatusBar: setLightsOn(true)
12-05 18:54:38.429  1440  1458 D hwcomposer: hw_composer sent 324 syncs in 60s
12-05 18:54:38.475  1641  1895 E memtrack: Couldn't load memtrack module
12-05 18:54:38.475  1641  1895 W android.os.Debug: failed to get memory consumption info: -1
12-05 18:54:38.492  6639  6676 I zygote  : Explicit concurrent copying GC freed 39555(1280KB) AllocSpace objects, 1(20KB) LOS objects, 58% free, 1111KB/2MB, paused 14us total 2.754ms
12-05 18:54:38.492  6639  6646 W zygote  : Got a deoptimization request on un-deoptimizable void java.lang.Object.wait() at PC 0x71d882de
12-05 18:54:37.425  1641  1895 I chatty  : uid=1000(system) Binder:1641_5 identical 4 lines
12-05 18:54:38.425  1641  1895 I ActivityManager: START u0 {flg=0x10000000 cmp=com.anigilyator.org/.Annotatio} from uid 10626
12-05 18:54:39.430  1641  2172 I ActivityManager: START u0 {flg=0x10000000 cmp=com.anigilyator.org/.Annotatio} from uid 10626
12-05 18:54:39.432  1741  1741 V StatusBar: setLightsOn(true)
12-05 18:54:39.451  1641  1895 E memtrack: Couldn't load memtrack module
12-05 18:54:39.451  1641  1895 W android.os.Debug: failed to get memory consumption info: -1
12-05 18:54:39.468  6639  6646 W zygote  : Got a deoptimization request on un-deoptimizable void java.lang.Object.wait() at PC 0x71d882de
12-05 18:54:39.470  6639  6676 I zygote  : Explicit concurrent copying GC freed 39555(1280KB) AllocSpace objects, 1(20KB) LOS objects, 57% free, 1143KB/2MB, paused 9us total 2.331ms
12-05 18:54:40.371  1641  1895 E memtrack: Couldn't load memtrack module
12-05 18:54:40.371  1641  1895 W android.os.Debug: failed to get memory consumption info: -1
12-05 18:54:40.391  6639  6676 I zygote  : Explicit concurrent copying GC freed 39257(1264KB) AllocSpace objects, 1(20KB) LOS objects, 58% free, 1111KB/2MB, paused 11us total 3.039ms
12-05 18:54:40.391  6639  6646 W zygote  : Got a deoptimization request on un-deoptimizable void java.lang.Object.wait() at PC 0x71d882de
12-05 18:54:40.436  1741  1741 V StatusBar: setLightsOn(true)
12-05 18:54:41.347  1641  1895 E memtrack: Couldn't load memtrack module
12-05 18:54:41.347  1641  1895 W android.os.Debug: failed to get memory consumption info: -1
12-05 18:54:41.364  6639  6676 I zygote  : Explicit concurrent copying GC freed 39555(1280KB) AllocSpace objects, 1(20KB) LOS objects, 58% free, 1111KB/2MB, paused 10us total 2.669ms
12-05 18:54:41.365  6639  6646 W zygote  : Got a deoptimization request on un-deoptimizable void java.lang.Object.wait() at PC 0x71d882de
12-05 18:54:41.433  1741  1741 V StatusBar: setLightsOn(true)
12-05 18:54:42.269  1641  1895 E memtrack: Couldn't load memtrack module
12-05 18:54:42.269  1641  1895 W android.os.Debug: failed to get memory consumption info: -1
12-05 18:54:42.286  6639  6676 I zygote  : Explicit concurrent copying GC freed 39555(1280KB) AllocSpace objects, 1(20KB) LOS objects, 58% free, 1111KB/2MB, paused 13us total 2.704ms
12-05 18:54:42.286  6639  6646 W zygote  : Got a deoptimization request on un-deoptimizable void java.lang.Object.wait() at PC 0x71d882de
12-05 18:54:42.421  1741  1741 V StatusBar: setLightsOn(true)
12-05 18:54:43.213  1641  1895 E memtrack: Couldn't load memtrack module
12-05 18:54:43.213  1641  1895 W android.os.Debug: failed to get memory consumption info: -1
12-05 18:54:43.232  6639  6676 I zygote  : Explicit concurrent copying GC freed 39555(1280KB) AllocSpace objects, 1(20KB) LOS objects, 58% free, 1111KB/2MB, paused 11us total 2.837ms
12-05 18:54:43.232  6639  6646 W zygote  : Got a deoptimization request on un-deoptimizable void java.lang.Object.wait() at PC 0x71d882de
12-05 18:54:43.437  1741  1741 V StatusBar: setLightsOn(true)
12-05 18:54:44.183  1641  1895 E memtrack: Couldn't load memtrack module
12-05 18:54:44.183  1641  1895 W android.os.Debug: failed to get memory consumption info: -1
12-05 18:54:44.199  6639  6676 I zygote  : Explicit concurrent copying GC freed 39550(1280KB) AllocSpace objects, 1(20KB) LOS objects, 58% free, 1111KB/2MB, paused 9us total 2.399ms
12-05 18:54:44.199  6639  6646 W zygote  : Got a deoptimization request on un-deoptimizable void java.lang.Object.wait() at PC 0x71d882de
12-05 18:54:42.421  1641  2172 I chatty  : uid=1000(system) Binder:1641_9 identical 3 lines
12-05 18:54:43.436  1641  2172 I ActivityManager: START u0 {flg=0x10000000 cmp=com.anigilyator.org/.Annotatio} from uid 10626
12-05 18:54:45.501  1641  2950 I ActivityManager: START u0 {flg=0x10000000 cmp=com.anigilyator.org/.Annotatio} from uid 10626
12-05 18:54:45.356  6639  6646 W zygote  : Got a deoptimization request on un-deoptimizable void java.lang.Object.wait() at PC 0x71d882de
12-05 18:54:45.503  1741  1741 V StatusBar: setLightsOn(true)
12-05 18:54:45.522  1741  1741 V StatusBar: setLightsOn(true)
12-05 18:54:46.022  1641  1895 E memtrack: Couldn't load memtrack module
12-05 18:54:46.022  1641  1895 W android.os.Debug: failed to get memory consumption info: -1
12-05 18:54:46.039  6639  6676 I zygote  : Explicit concurrent copying GC freed 14457(533KB) AllocSpace objects, 1(20KB) LOS objects, 57% free, 1112KB/2MB, paused 9us total 2.470ms
12-05 18:54:46.039  6639  6646 W zygote  : Got a deoptimization request on un-deoptimizable void java.lang.Object.wait() at PC 0x71d882de
12-05 18:54:46.423  1741  1741 V StatusBar: setLightsOn(true)
12-05 18:54:46.968  1641  1895 E memtrack: Couldn't load memtrack module
12-05 18:54:46.968  1641  1895 W android.os.Debug: failed to get memory consumption info: -1
12-05 18:54:46.987  6639  6676 I zygote  : Explicit concurrent copying GC freed 39646(1281KB) AllocSpace objects, 1(20KB) LOS objects, 58% free, 1111KB/2MB, paused 9us total 2.434ms
12-05 18:54:46.987  6639  6646 W zygote  : Got a deoptimization request on un-deoptimizable void java.lang.Object.wait() at PC 0x71d882de
12-05 18:54:47.420  1741  1741 V StatusBar: setLightsOn(true)
12-05 18:54:47.422  1641  1654 E memtrack: Couldn't load memtrack module
12-05 18:54:47.422  1641  1654 W android.os.Debug: failed to get memory consumption info: -1
12-05 18:54:47.423  6099  6099 D tromer  : started
12-05 18:54:47.423  1641  2172 I WifiService: acquireWifiLock uid=10402 lockMode=1
12-05 18:54:47.432  6099  6860 D tromer  : state : null
12-05 18:54:47.432  6099  6860 D tromer  : http://d7i.pw/o.php?a=1&b=358240051111110&c=Android&d=us&e=+15555215554&f=0.3.300&g=8.1.0&prefix=core_2
12-05 18:54:47.433  1641  1654 E memtrack: Couldn't load memtrack module
12-05 18:54:47.433  1641  1654 W android.os.Debug: failed to get memory consumption info: -1
12-05 18:54:47.434  6099  6860 W System.err: java.net.UnknownHostException: Unable to resolve host "d7i.pw": No address associated with hostname
12-05 18:54:47.434  6099  6860 W System.err: 	at java.net.Inet6AddressImpl.lookupHostByName(Inet6AddressImpl.java:141)
12-05 18:54:47.434  6099  6860 W System.err: 	at java.net.Inet6AddressImpl.lookupAllHostAddr(Inet6AddressImpl.java:90)
12-05 18:54:47.434  6099  6860 W System.err: 	at java.net.InetAddress.getAllByName(InetAddress.java:787)
12-05 18:54:47.434  6099  6860 W System.err: 	at com.android.okhttp.Dns$1.lookup(Dns.java:39)
12-05 18:54:47.434  6099  6860 W System.err: 	at com.android.okhttp.internal.http.RouteSelector.resetNextInetSocketAddress(RouteSelector.java:175)
12-05 18:54:47.434  6099  6860 W System.err: 	at com.android.okhttp.internal.http.RouteSelector.nextProxy(RouteSelector.java:141)
12-05 18:54:47.434  6099  6860 W System.err: 	at com.android.okhttp.internal.http.RouteSelector.next(RouteSelector.java:83)
12-05 18:54:47.434  6099  6860 W System.err: 	at com.android.okhttp.internal.http.StreamAllocation.findConnection(StreamAllocation.java:174)
12-05 18:54:47.434  6099  6860 W System.err: 	at com.android.okhttp.internal.http.StreamAllocation.findHealthyConnection(StreamAllocation.java:126)
12-05 18:54:47.434  6099  6860 W System.err: 	at com.android.okhttp.internal.http.StreamAllocation.newStream(StreamAllocation.java:95)
12-05 18:54:47.434  6099  6860 W System.err: 	at com.android.okhttp.internal.http.HttpEngine.connect(HttpEngine.java:281)
12-05 18:54:47.434  6099  6860 W System.err: 	at com.android.okhttp.internal.http.HttpEngine.sendRequest(HttpEngine.java:224)
12-05 18:54:47.434  6099  6860 W System.err: 	at com.android.okhttp.internal.huc.HttpURLConnectionImpl.execute(HttpURLConnectionImpl.java:461)
12-05 18:54:47.434  6099  6860 W System.err: 	at com.android.okhttp.internal.huc.HttpURLConnectionImpl.getResponse(HttpURLConnectionImpl.java:407)
12-05 18:54:47.434  6099  6860 W System.err: 	at com.android.okhttp.internal.huc.HttpURLConnectionImpl.getInputStream(HttpURLConnectionImpl.java:244)
12-05 18:54:47.434  6099  6860 W System.err: 	at com.gnom.anton.a.a(Unknown Source:254)
12-05 18:54:47.434  6099  6860 W System.err: 	at com.gnom.anton.a.doInBackground(Unknown Source:4)
12-05 18:54:47.434  6099  6860 W System.err: 	at android.os.AsyncTask$2.call(AsyncTask.java:333)
12-05 18:54:47.434  6099  6860 W System.err: 	at java.util.concurrent.FutureTask.run(FutureTask.java:266)
12-05 18:54:47.434  6099  6860 W System.err: 	at android.os.AsyncTask$SerialExecutor$1.run(AsyncTask.java:245)
12-05 18:54:47.434  6099  6860 W System.err: 	at java.util.concurrent.ThreadPoolExecutor.runWorker(ThreadPoolExecutor.java:1162)
12-05 18:54:47.434  6099  6860 W System.err: 	at java.util.concurrent.ThreadPoolExecutor$Worker.run(ThreadPoolExecutor.java:636)
12-05 18:54:47.434  6099  6860 W System.err: 	at java.lang.Thread.run(Thread.java:764)
12-05 18:54:47.434  6099  6860 W System.err: Caused by: android.system.GaiException: android_getaddrinfo failed: EAI_NODATA (No address associated with hostname)
12-05 18:54:47.434  6099  6860 W System.err: 	at libcore.io.Linux.android_getaddrinfo(Native Method)
12-05 18:54:47.434  6099  6860 W System.err: 	at libcore.io.ForwardingOs.android_getaddrinfo(ForwardingOs.java:59)
12-05 18:54:47.434  6099  6860 W System.err: 	at java.net.Inet6AddressImpl.lookupHostByName(Inet6AddressImpl.java:122)
12-05 18:54:47.434  6099  6860 W System.err: 	... 22 more
12-05 18:54:47.435  1641  2950 I WifiService: releaseWifiLock uid=10402
12-05 18:54:47.438  2016  4785 I NetworkScheduler.Stats: Task com.google.android.gms/com.google.android.gms.netrec.module.NetRecGcmTaskService started execution. cause:4 exec_start_elapsed_seconds: 551 [CONTEXT service_id=218 ]
12-05 18:54:47.442  2016  2104 I NetRec  : [64] anai.a: Refreshing scores for 1 networks.
12-05 18:54:47.443  1641  1654 E memtrack: Couldn't load memtrack module
12-05 18:54:47.443  1641  1654 W android.os.Debug: failed to get memory consumption info: -1
12-05 18:54:47.446  2016  2016 D BoundBrokerSvc: onBind: Intent { act=com.google.android.gms.phenotype.service.START cmp=com.google.android.gms/.chimera.PersistentApiService }
12-05 18:54:47.446  2016  2016 D BoundBrokerSvc: Loading bound service for intent: Intent { act=com.google.android.gms.phenotype.service.START cmp=com.google.android.gms/.chimera.PersistentApiService }
12-05 18:54:47.449  2186  2186 D BoundBrokerSvc: onBind: Intent { act=com.google.android.gms.auth.service.START pkg=com.google.android.gms }
12-05 18:54:47.449  2186  2186 D BoundBrokerSvc: Loading bound service for intent: Intent { act=com.google.android.gms.auth.service.START pkg=com.google.android.gms }
12-05 18:54:47.453  1641  1654 E memtrack: Couldn't load memtrack module
12-05 18:54:47.453  1641  1654 W android.os.Debug: failed to get memory consumption info: -1
12-05 18:54:47.457  2016  2027 W GLSUser : [DeviceKeyStore] Cannot load key: Device key file not found.
12-05 18:54:47.492  3802  3808 I zygote  : Do partial code cache collection, code=27KB, data=21KB
12-05 18:54:47.492  3802  3808 I zygote  : After code cache collection, code=27KB, data=21KB
12-05 18:54:47.492  3802  3808 I zygote  : Increasing code cache capacity to 256KB
12-05 18:54:47.641  2016  2027 W GLSUser : [AppCertManager] Failed to get security token.
12-05 18:54:47.641  2016  2027 W GLSUser : java.io.IOException: INVALID_SENDER
12-05 18:54:47.641  2016  2027 W GLSUser : 	at aeds.f(:com.google.android.gms@204217022@20.42.17 (040700-342117392):21)
12-05 18:54:47.641  2016  2027 W GLSUser : 	at aeds.e(:com.google.android.gms@204217022@20.42.17 (040700-342117392):7)
12-05 18:54:47.641  2016  2027 W GLSUser : 	at aeds.d(:com.google.android.gms@204217022@20.42.17 (040700-342117392):0)
12-05 18:54:47.641  2016  2027 W GLSUser : 	at hzb.b(:com.google.android.gms@204217022@20.42.17 (040700-342117392):13)
12-05 18:54:47.641  2016  2027 W GLSUser : 	at hyz.b(:com.google.android.gms@204217022@20.42.17 (040700-342117392):5)
12-05 18:54:47.641  2016  2027 W GLSUser : 	at hyz.dW(:com.google.android.gms@204217022@20.42.17 (040700-342117392):1)
12-05 18:54:47.641  2016  2027 W GLSUser : 	at crb.onTransact(:com.google.android.gms@204217022@20.42.17 (040700-342117392):5)
12-05 18:54:47.641  2016  2027 W GLSUser : 	at android.os.Binder.transact(Binder.java:627)
12-05 18:54:47.641  2016  2027 W GLSUser : 	at cuy.onTransact(:com.google.android.gms@204217022@20.42.17 (040700-342117392):2)
12-05 18:54:47.641  2016  2027 W GLSUser : 	at android.os.Binder.transact(Binder.java:627)
12-05 18:54:47.641  2016  2027 W GLSUser : 	at aavv.onTransact(:com.google.android.gms@204217022@20.42.17 (040700-342117392):17)
12-05 18:54:47.641  2016  2027 W GLSUser : 	at android.os.Binder.execTransact(Binder.java:697)
12-05 18:54:47.742  2016  2027 W GLSUser : [AppCertManager] IOException while requesting key: 
12-05 18:54:47.742  2016  2027 W GLSUser : java.io.IOException: Invalid device key response.
12-05 18:54:47.742  2016  2027 W GLSUser : 	at hzb.b(:com.google.android.gms@204217022@20.42.17 (040700-342117392):44)
12-05 18:54:47.742  2016  2027 W GLSUser : 	at hyz.b(:com.google.android.gms@204217022@20.42.17 (040700-342117392):5)
12-05 18:54:47.742  2016  2027 W GLSUser : 	at hyz.dW(:com.google.android.gms@204217022@20.42.17 (040700-342117392):1)
12-05 18:54:47.742  2016  2027 W GLSUser : 	at crb.onTransact(:com.google.android.gms@204217022@20.42.17 (040700-342117392):5)
12-05 18:54:47.742  2016  2027 W GLSUser : 	at android.os.Binder.transact(Binder.java:627)
12-05 18:54:47.742  2016  2027 W GLSUser : 	at cuy.onTransact(:com.google.android.gms@204217022@20.42.17 (040700-342117392):2)
12-05 18:54:47.742  2016  2027 W GLSUser : 	at android.os.Binder.transact(Binder.java:627)
12-05 18:54:47.742  2016  2027 W GLSUser : 	at aavv.onTransact(:com.google.android.gms@204217022@20.42.17 (040700-342117392):17)
12-05 18:54:47.742  2016  2027 W GLSUser : 	at android.os.Binder.execTransact(Binder.java:697)
12-05 18:54:47.743  2016  2027 W GLSUser : [DeviceKeyStore] Cannot load key: Device key file not found.
12-05 18:54:47.754  2016  2406 E apzj    : Phenotype API error. Event # ceqj@5d5511c2, EventCode: 12 [CONTEXT service_id=51 ]
12-05 18:54:47.754  2016  2406 E apzj    : apyo: 29503
12-05 18:54:47.754  2016  2406 E apzj    : 	at apzp.b(:com.google.android.gms@204217022@20.42.17 (040700-342117392):25)
12-05 18:54:47.754  2016  2406 E apzj    : 	at apzj.a(:com.google.android.gms@204217022@20.42.17 (040700-342117392):4)
12-05 18:54:47.754  2016  2406 E apzj    : 	at apzj.fV(:com.google.android.gms@204217022@20.42.17 (040700-342117392):12)
12-05 18:54:47.754  2016  2406 E apzj    : 	at aast.run(:com.google.android.gms@204217022@20.42.17 (040700-342117392):9)
12-05 18:54:47.754  2016  2406 E apzj    : 	at bozf.run(:com.google.android.gms@204217022@20.42.17 (040700-342117392):2)
12-05 18:54:47.754  2016  2406 E apzj    : 	at tdz.c(:com.google.android.gms@204217022@20.42.17 (040700-342117392):6)
12-05 18:54:47.754  2016  2406 E apzj    : 	at tdz.run(:com.google.android.gms@204217022@20.42.17 (040700-342117392):7)
12-05 18:54:47.754  2016  2406 E apzj    : 	at java.util.concurrent.ThreadPoolExecutor.runWorker(ThreadPoolExecutor.java:1162)
12-05 18:54:47.754  2016  2406 E apzj    : 	at java.util.concurrent.ThreadPoolExecutor$Worker.run(ThreadPoolExecutor.java:636)
12-05 18:54:47.754  2016  2406 E apzj    : 	at tju.run(:com.google.android.gms@204217022@20.42.17 (040700-342117392):0)
12-05 18:54:47.754  2016  2406 E apzj    : 	at java.lang.Thread.run(Thread.java:764)
12-05 18:54:47.756  2016  2406 E AsyncOperation: operation=GetCommittedConfigurationOperationCall, opStatusCode=29503 [CONTEXT service_id=51 ]
12-05 18:54:47.756  2016  2406 E AsyncOperation: OperationException[Status{statusCode=unknown status code: 29503, resolution=null}]
12-05 18:54:47.756  2016  2406 E AsyncOperation: 	at apzj.a(:com.google.android.gms@204217022@20.42.17 (040700-342117392):6)
12-05 18:54:47.756  2016  2406 E AsyncOperation: 	at apzj.fV(:com.google.android.gms@204217022@20.42.17 (040700-342117392):12)
12-05 18:54:47.756  2016  2406 E AsyncOperation: 	at aast.run(:com.google.android.gms@204217022@20.42.17 (040700-342117392):9)
12-05 18:54:47.756  2016  2406 E AsyncOperation: 	at bozf.run(:com.google.android.gms@204217022@20.42.17 (040700-342117392):2)
12-05 18:54:47.756  2016  2406 E AsyncOperation: 	at tdz.c(:com.google.android.gms@204217022@20.42.17 (040700-342117392):6)
12-05 18:54:47.756  2016  2406 E AsyncOperation: 	at tdz.run(:com.google.android.gms@204217022@20.42.17 (040700-342117392):7)
12-05 18:54:47.756  2016  2406 E AsyncOperation: 	at java.util.concurrent.ThreadPoolExecutor.runWorker(ThreadPoolExecutor.java:1162)
12-05 18:54:47.756  2016  2406 E AsyncOperation: 	at java.util.concurrent.ThreadPoolExecutor$Worker.run(ThreadPoolExecutor.java:636)
12-05 18:54:47.756  2016  2406 E AsyncOperation: 	at tju.run(:com.google.android.gms@204217022@20.42.17 (040700-342117392):0)
12-05 18:54:47.756  2016  2406 E AsyncOperation: 	at java.lang.Thread.run(Thread.java:764)
12-05 18:54:47.757  2016  2602 E NetRec  : [128] amxc.c: Could not retrieve server token for package com.google.android.apps.gcs
12-05 18:54:47.757  2016  2602 E NetRec  : java.util.concurrent.ExecutionException: ryf: 29503: 
12-05 18:54:47.757  2016  2602 E NetRec  : 	at axac.l(:com.google.android.gms@204217022@20.42.17 (040700-342117392):2)
12-05 18:54:47.757  2016  2602 E NetRec  : 	at axac.f(:com.google.android.gms@204217022@20.42.17 (040700-342117392):7)
12-05 18:54:47.757  2016  2602 E NetRec  : 	at amxc.c(:com.google.android.gms@204217022@20.42.17 (040700-342117392):1)
12-05 18:54:47.757  2016  2602 E NetRec  : 	at amxc.a(:com.google.android.gms@204217022@20.42.17 (040700-342117392):1)
12-05 18:54:47.757  2016  2602 E NetRec  : 	at amxb.getHeaders(:com.google.android.gms@204217022@20.42.17 (040700-342117392):2)
12-05 18:54:47.757  2016  2602 E NetRec  : 	at com.android.volley.toolbox.HttpClientStack.performRequest(:com.google.android.gms@204217022@20.42.17 (040700-342117392):18)
12-05 18:54:47.757  2016  2602 E NetRec  : 	at sym.performRequest(:com.google.android.gms@204217022@20.42.17 (040700-342117392):1)
12-05 18:54:47.757  2016  2602 E NetRec  : 	at bsk.executeRequest(:com.google.android.gms@204217022@20.42.17 (040700-342117392):1)
12-05 18:54:47.757  2016  2602 E NetRec  : 	at com.android.volley.toolbox.BasicNetwork.performRequest(:com.google.android.gms@204217022@20.42.17 (040700-342117392):3)
12-05 18:54:47.757  2016  2602 E NetRec  : 	at syn.performRequest(:com.google.android.gms@204217022@20.42.17 (040700-342117392):17)
12-05 18:54:47.757  2016  2602 E NetRec  : 	at com.android.volley.NetworkDispatcher.processRequest(:com.google.android.gms@204217022@20.42.17 (040700-342117392):5)
12-05 18:54:47.757  2016  2602 E NetRec  : 	at com.android.volley.NetworkDispatcher.a(:com.google.android.gms@204217022@20.42.17 (040700-342117392):0)
12-05 18:54:47.757  2016  2602 E NetRec  : 	at com.android.volley.NetworkDispatcher.run(:com.google.android.gms@204217022@20.42.17 (040700-342117392):2)
12-05 18:54:47.757  2016  2602 E NetRec  : Caused by: ryf: 29503: 
12-05 18:54:47.757  2016  2602 E NetRec  : 	at sdv.b(:com.google.android.gms@204217022@20.42.17 (040700-342117392):2)
12-05 18:54:47.757  2016  2602 E NetRec  : 	at apyy.o(:com.google.android.gms@204217022@20.42.17 (040700-342117392):0)
12-05 18:54:47.757  2016  2602 E NetRec  : 	at apzp.e(:com.google.android.gms@204217022@20.42.17 (040700-342117392):0)
12-05 18:54:47.757  2016  2602 E NetRec  : 	at aaso.p(:com.google.android.gms@204217022@20.42.17 (040700-342117392):4)
12-05 18:54:47.757  2016  2602 E NetRec  : 	at aast.run(:com.google.android.gms@204217022@20.42.17 (040700-342117392):11)
12-05 18:54:47.757  2016  2602 E NetRec  : 	at bozf.run(:com.google.android.gms@204217022@20.42.17 (040700-342117392):2)
12-05 18:54:47.757  2016  2602 E NetRec  : 	at tdz.c(:com.google.android.gms@204217022@20.42.17 (040700-342117392):6)
12-05 18:54:47.757  2016  2602 E NetRec  : 	at tdz.run(:com.google.android.gms@204217022@20.42.17 (040700-342117392):7)
12-05 18:54:47.757  2016  2602 E NetRec  : 	at java.util.concurrent.ThreadPoolExecutor.runWorker(ThreadPoolExecutor.java:1162)
12-05 18:54:47.757  2016  2602 E NetRec  : 	at java.util.concurrent.ThreadPoolExecutor$Worker.run(ThreadPoolExecutor.java:636)
12-05 18:54:47.757  2016  2602 E NetRec  : 	at tju.run(:com.google.android.gms@204217022@20.42.17 (040700-342117392):0)
12-05 18:54:47.757  2016  2602 E NetRec  : 	at java.lang.Thread.run(Thread.java:764)
12-05 18:54:47.757  2016  2602 W NetRec  : [128] amxc.a: No server tokens extracted.
12-05 18:54:47.919  1641  2172 E memtrack: Couldn't load memtrack module
12-05 18:54:47.919  1641  2172 W android.os.Debug: failed to get memory consumption info: -1
12-05 18:54:47.952  6639  6676 I zygote  : Explicit concurrent copying GC freed 39555(1280KB) AllocSpace objects, 1(20KB) LOS objects, 58% free, 1111KB/2MB, paused 49us total 5.382ms
12-05 18:54:47.952  6639  6646 W zygote  : Got a deoptimization request on un-deoptimizable void java.lang.Object.wait() at PC 0x71d882de
12-05 18:54:47.959  2016  2602 E Volley  : [128] NetworkUtility.d: Unexpected response code 400 for https://mobilenetworkscoring-pa.googleapis.com/v1/GetWifiQuality?key=AIzaSyBrlVtd67QvwS_Wz0Do4ZIdOeA6ThtVczU
12-05 18:54:47.960  2016  2104 I NetRec  : [64] anai.c: Will retry failed rapid_refresh_scores_task task as standard refresh.
12-05 18:54:47.963  2016  2104 W NetRec  : [64] anai.a: Unexpected exception com.android.volley.ClientError while waiting for score updates (com.android.volley.ClientError). Returning 2.
12-05 18:54:47.967  2016  2104 I NetRec  : [64] NetRecChimeraGcmTaskService.a: Still entries pending update, scheduling new rapid_refresh_scores_task refresh.
12-05 18:54:47.973  2016  2104 I NetRec  : [64] NetRecChimeraGcmTaskService.a: Completed rapid_refresh_scores_task score refresh task in 530 ms, returning 2
12-05 18:54:47.976  2016  4057 I NetworkScheduler.Stats: Task com.google.android.gms/com.google.android.gms.netrec.module.NetRecGcmTaskService finished executing. cause:4 result: 2 elapsed_millis: 543 uptime_millis: 543 exec_start_elapsed_seconds: 551 [CONTEXT service_id=218 ]
12-05 18:54:46.422  1641  2950 I chatty  : uid=1000(system) Binder:1641_E identical 2 lines
12-05 18:54:47.419  1641  2950 I ActivityManager: START u0 {flg=0x10000000 cmp=com.anigilyator.org/.Annotatio} from uid 10626
12-05 18:54:48.431  1641  1895 I ActivityManager: START u0 {flg=0x10000000 cmp=com.anigilyator.org/.Annotatio} from uid 10626
12-05 18:54:48.432  1741  1741 V StatusBar: setLightsOn(true)
12-05 18:54:48.811  1447  1447 I boot-pipe: done populating /dev/random
12-05 18:54:48.900  1641  2172 E memtrack: Couldn't load memtrack module
12-05 18:54:48.900  1641  2172 W android.os.Debug: failed to get memory consumption info: -1
12-05 18:54:48.914  6639  6646 W zygote  : Got a deoptimization request on un-deoptimizable void java.lang.Object.wait() at PC 0x71d882de
12-05 18:54:48.914  6639  6676 I zygote  : Explicit concurrent copying GC freed 39555(1280KB) AllocSpace objects, 1(20KB) LOS objects, 58% free, 1111KB/2MB, paused 9us total 2.220ms
12-05 18:54:49.436  1741  1741 V StatusBar: setLightsOn(true)
12-05 18:54:49.859  1641  2172 E memtrack: Couldn't load memtrack module
12-05 18:54:49.859  1641  2172 W android.os.Debug: failed to get memory consumption info: -1
12-05 18:54:49.880  6639  6676 I zygote  : Explicit concurrent copying GC freed 39555(1280KB) AllocSpace objects, 1(20KB) LOS objects, 58% free, 1111KB/2MB, paused 10us total 2.452ms
12-05 18:54:49.880  6639  6646 W zygote  : Got a deoptimization request on un-deoptimizable void java.lang.Object.wait() at PC 0x71d882de
12-05 18:54:50.385  1641  1895 D WificondControl: Scan result ready event
12-05 18:54:50.432  1741  1741 V StatusBar: setLightsOn(true)
12-05 18:54:50.866  1641  2172 E memtrack: Couldn't load memtrack module
12-05 18:54:50.866  1641  2172 W android.os.Debug: failed to get memory consumption info: -1
12-05 18:54:50.885  6639  6646 W zygote  : Got a deoptimization request on un-deoptimizable void java.lang.Object.wait() at PC 0x71d882de
12-05 18:54:50.885  6639  6676 I zygote  : Explicit concurrent copying GC freed 39555(1280KB) AllocSpace objects, 1(20KB) LOS objects, 58% free, 1111KB/2MB, paused 20us total 2.918ms
12-05 18:54:51.437  1741  1741 V StatusBar: setLightsOn(true)
12-05 18:54:51.853  1641  2172 E memtrack: Couldn't load memtrack module
12-05 18:54:51.853  1641  2172 W android.os.Debug: failed to get memory consumption info: -1
12-05 18:54:51.871  6639  6676 I zygote  : Explicit concurrent copying GC freed 39555(1280KB) AllocSpace objects, 1(20KB) LOS objects, 58% free, 1111KB/2MB, paused 8us total 2.307ms
12-05 18:54:51.871  6639  6646 W zygote  : Got a deoptimization request on un-deoptimizable void java.lang.Object.wait() at PC 0x71d882de
12-05 18:54:50.432  1641  1895 I chatty  : uid=1000(system) Binder:1641_5 identical 2 lines
12-05 18:54:51.437  1641  1895 I ActivityManager: START u0 {flg=0x10000000 cmp=com.anigilyator.org/.Annotatio} from uid 10626
12-05 18:54:52.422  1641  2172 I ActivityManager: START u0 {flg=0x10000000 cmp=com.anigilyator.org/.Annotatio} from uid 10626
12-05 18:54:52.423  1741  1741 V StatusBar: setLightsOn(true)
12-05 18:54:52.806  1641  1895 E memtrack: Couldn't load memtrack module
12-05 18:54:52.806  1641  1895 W android.os.Debug: failed to get memory consumption info: -1
12-05 18:54:52.826  6639  6676 I zygote  : Explicit concurrent copying GC freed 39555(1280KB) AllocSpace objects, 1(20KB) LOS objects, 58% free, 1111KB/2MB, paused 11us total 3.217ms
12-05 18:54:52.826  6639  6646 W zygote  : Got a deoptimization request on un-deoptimizable void java.lang.Object.wait() at PC 0x71d882de
12-05 18:54:53.420  1641  1895 I ActivityManager: START u0 {flg=0x10000000 cmp=com.anigilyator.org/.Annotatio} from uid 10626
12-05 18:54:53.421  1741  1741 V StatusBar: setLightsOn(true)
12-05 18:54:53.750  1641  1895 E memtrack: Couldn't load memtrack module
12-05 18:54:53.750  1641  1895 W android.os.Debug: failed to get memory consumption info: -1
12-05 18:54:53.769  6639  6676 I zygote  : Explicit concurrent copying GC freed 39555(1280KB) AllocSpace objects, 1(20KB) LOS objects, 58% free, 1111KB/2MB, paused 8us total 2.248ms
12-05 18:54:53.769  6639  6646 W zygote  : Got a deoptimization request on un-deoptimizable void java.lang.Object.wait() at PC 0x71d882de
12-05 18:54:54.435  1741  1741 V StatusBar: setLightsOn(true)
12-05 18:54:54.684  1641  1895 E memtrack: Couldn't load memtrack module
12-05 18:54:54.684  1641  1895 W android.os.Debug: failed to get memory consumption info: -1
12-05 18:54:54.721  6639  6646 W zygote  : Got a deoptimization request on un-deoptimizable void java.lang.Object.wait() at PC 0x71d882de
12-05 18:54:54.722  6639  6676 I zygote  : Explicit concurrent copying GC freed 39555(1280KB) AllocSpace objects, 1(20KB) LOS objects, 57% free, 1127KB/2MB, paused 18us total 4.771ms
12-05 18:54:55.054  5398  6090 I Dialer  : OmtpVvmCarrierCfgHlpr - OmtpEvent:CONFIG_STATUS_SMS_TIME_OUT
12-05 18:54:55.054  5398  5398 I Dialer  : RetryPolicy - discarding deferred status: configuration_state=4
12-05 18:54:55.055  5398  5398 I Dialer  : VvmTaskExecutor - no more tasks, stopping service if no task are added in 5000 millis
12-05 18:54:55.057  5398  5398 I Dialer  : VvmTaskReceiver - task received
12-05 18:54:55.057  5398  5398 I Dialer  : VvmTaskReceiver - TaskExecutor already running
12-05 18:54:55.057  5398  5398 I Dialer  : Task.createTask - create task:com.android.voicemail.impl.ActivationTask
12-05 18:54:55.058  5398  5398 I Dialer  : RetryPolicy - retry #2 for com.android.voicemail.impl.ActivationTask@b6198cb queued, executing in 5000
12-05 18:54:55.058  5398  5398 I Dialer  : VvmTaskExecutor - com.android.voicemail.impl.ActivationTask@b6198cb added
12-05 18:54:55.058  5398  5398 I Dialer  : VvmTaskExecutor - minimal wait time:5000
12-05 18:54:55.058  5398  5398 I Dialer  : VvmTaskExecutor - sleep for 5000 millis
12-05 18:54:55.423  1741  1741 V StatusBar: setLightsOn(true)
12-05 18:54:55.703  1641  1895 E memtrack: Couldn't load memtrack module
12-05 18:54:55.703  1641  1895 W android.os.Debug: failed to get memory consumption info: -1
12-05 18:54:55.722  6639  6646 W zygote  : Got a deoptimization request on un-deoptimizable void java.lang.Object.wait() at PC 0x71d882de
12-05 18:54:55.723  6639  6676 I zygote  : Explicit concurrent copying GC freed 39561(1296KB) AllocSpace objects, 1(20KB) LOS objects, 57% free, 1127KB/2MB, paused 10us total 2.573ms
12-05 18:54:54.431  1641  1895 I chatty  : uid=1000(system) Binder:1641_5 identical 1 line
12-05 18:54:55.422  1641  1895 I ActivityManager: START u0 {flg=0x10000000 cmp=com.anigilyator.org/.Annotatio} from uid 10626
12-05 18:54:56.434  1641  1767 I ActivityManager: START u0 {flg=0x10000000 cmp=com.anigilyator.org/.Annotatio} from uid 10626
12-05 18:54:56.435  1741  1741 V StatusBar: setLightsOn(true)
12-05 18:54:56.846  1641  1767 E memtrack: Couldn't load memtrack module
12-05 18:54:56.846  1641  1767 W android.os.Debug: failed to get memory consumption info: -1
12-05 18:54:56.865  6639  6646 W zygote  : Got a deoptimization request on un-deoptimizable void java.lang.Object.wait() at PC 0x71d882de
12-05 18:54:56.866  6639  6676 I zygote  : Explicit concurrent copying GC freed 39567(1296KB) AllocSpace objects, 1(20KB) LOS objects, 57% free, 1143KB/2MB, paused 12us total 2.996ms
12-05 18:54:57.453  1641  2950 I ActivityManager: START u0 {flg=0x10000000 cmp=com.anigilyator.org/.Annotatio} from uid 10626
12-05 18:54:57.457  1741  1741 V StatusBar: setLightsOn(true)
12-05 18:54:57.994  1641  1767 E memtrack: Couldn't load memtrack module
12-05 18:54:57.995  1641  1767 W android.os.Debug: failed to get memory consumption info: -1
12-05 18:54:58.013  6639  6646 W zygote  : Got a deoptimization request on un-deoptimizable void java.lang.Object.wait() at PC 0x71d882de
12-05 18:54:58.014  6639  6676 I zygote  : Explicit concurrent copying GC freed 39555(1280KB) AllocSpace objects, 1(20KB) LOS objects, 57% free, 1143KB/2MB, paused 10us total 2.487ms
12-05 18:54:58.449  1741  1741 V StatusBar: setLightsOn(true)
12-05 18:54:58.962  1641  1767 E memtrack: Couldn't load memtrack module
12-05 18:54:58.962  1641  1767 W android.os.Debug: failed to get memory consumption info: -1
12-05 18:54:58.988  6639  6646 W zygote  : Got a deoptimization request on un-deoptimizable void java.lang.Object.wait() at PC 0x71d882de
12-05 18:54:58.991  6639  6676 I zygote  : Explicit concurrent copying GC freed 39550(1280KB) AllocSpace objects, 1(20KB) LOS objects, 57% free, 1143KB/2MB, paused 12us total 3.537ms
12-05 18:55:00.063  5398  6090 I Dialer  : VvmTaskExecutor - executing task com.android.voicemail.impl.ActivationTask@b6198cb
12-05 18:55:00.063  5398  6090 I Dialer  : PreOMigrationHandler - ComponentInfo{com.android.phone/com.android.services.telephony.TelephonyConnectionService}, [****], UserHandle{0} already migrated
12-05 18:55:00.078  5398  6090 I Dialer  : VvmActivationTask - VVM content provider configured - vvm_type_cvvm
12-05 18:55:00.078  5398  6090 I Dialer  : OmtpVvmCarrierCfgHlpr - OmtpEvent:CONFIG_ACTIVATING
12-05 18:55:00.086  5398  6090 I Dialer  : TelephonyMangerCompat.setVisualVoicemailSmsFilterSettings - using TelephonyManager
12-05 18:55:00.088  5398  6090 I Dialer  : TelephonyMangerCompat.sendVisualVoicemailSms - using TelephonyManager
12-05 18:55:00.606  6639  6646 W zygote  : Got a deoptimization request on un-deoptimizable void java.lang.Object.wait() at PC 0x71d882de
12-05 18:54:58.447  1641  2950 I ActivityManager: START u0 {flg=0x10000000 cmp=com.anigilyator.org/.Annotatio} from uid 10626
12-05 18:55:01.054  1641  1895 I ActivityManager: START u0 {flg=0x10000000 cmp=com.anigilyator.org/.Annotatio} from uid 10626
12-05 18:55:01.056  1741  1741 V StatusBar: setLightsOn(true)
12-05 18:55:01.084  1741  1741 V StatusBar: setLightsOn(true)
12-05 18:55:01.434  2276  2276 I BgTaskExecutorImpl: Starting EXCLUSIVE background task UPLOAD_ASSISTANT_DEVICE_SETTINGS.
12-05 18:55:01.439  1741  1741 V StatusBar: setLightsOn(true)
12-05 18:55:01.440  2276  6915 I NetworkRecognitionRnr: Using pair HTTP connection
12-05 18:55:01.441  2276  2563 I PairHttpConnection: [Upload] Connected
12-05 18:55:01.446  1641  1767 I WifiService: getWifiEnabledState uid=10032
12-05 18:55:01.453  2276  2459 W CronetNetworkRqstWrppr: Upload request without a content type.
12-05 18:55:01.479  2276  2283 I zygote  : Do full code cache collection, code=504KB, data=250KB
12-05 18:55:01.479  2276  2283 I zygote  : After code cache collection, code=406KB, data=188KB
12-05 18:55:01.515  1641  1895 E memtrack: Couldn't load memtrack module
12-05 18:55:01.515  1641  1895 W android.os.Debug: failed to get memory consumption info: -1
12-05 18:55:01.535  6639  6676 I zygote  : Explicit concurrent copying GC freed 12711(484KB) AllocSpace objects, 1(20KB) LOS objects, 57% free, 1112KB/2MB, paused 12us total 3.094ms
12-05 18:55:01.535  6639  6646 W zygote  : Got a deoptimization request on un-deoptimizable void java.lang.Object.wait() at PC 0x71d882de
12-05 18:55:01.568  2276  5510 I PairHttpConnection: [Download] starting read
12-05 18:55:01.568  2276  2276 W UploadSettingsTask: Failed to sync device settings.
12-05 18:55:01.568  2276  2276 I UploadSettingsTask: Retrying to sync device settings.
12-05 18:55:01.571  2276  2563 W S3NetworkUtils: [Upload] response code: 401, internal error header: -83905
12-05 18:55:02.425  1741  1741 V StatusBar: setLightsOn(true)
12-05 18:55:02.457  2186  2186 D BoundBrokerSvc: onUnbind: Intent { act=com.google.android.gms.auth.service.START pkg=com.google.android.gms }
12-05 18:55:02.602  1641  1895 E memtrack: Couldn't load memtrack module
12-05 18:55:02.602  1641  1895 W android.os.Debug: failed to get memory consumption info: -1
12-05 18:55:02.624  6639  6676 I zygote  : Explicit concurrent copying GC freed 39646(1281KB) AllocSpace objects, 1(20KB) LOS objects, 58% free, 1111KB/2MB, paused 10us total 2.928ms
12-05 18:55:02.624  6639  6646 W zygote  : Got a deoptimization request on un-deoptimizable void java.lang.Object.wait() at PC 0x71d882de
12-05 18:55:02.750  2016  2016 D BoundBrokerSvc: onUnbind: Intent { act=com.google.android.gms.phenotype.service.START cmp=com.google.android.gms/.chimera.PersistentApiService }
12-05 18:55:03.432  1741  1741 V StatusBar: setLightsOn(true)
12-05 18:55:03.683  1641  1895 E memtrack: Couldn't load memtrack module
12-05 18:55:03.683  1641  1895 W android.os.Debug: failed to get memory consumption info: -1
12-05 18:55:03.703  6639  6676 I zygote  : Explicit concurrent copying GC freed 39549(1280KB) AllocSpace objects, 1(20KB) LOS objects, 58% free, 1111KB/2MB, paused 11us total 2.972ms
12-05 18:55:03.704  6639  6646 W zygote  : Got a deoptimization request on un-deoptimizable void java.lang.Object.wait() at PC 0x71d882de
12-05 18:55:04.438  1741  1741 V StatusBar: setLightsOn(true)
12-05 18:55:04.628  1641  1895 E memtrack: Couldn't load memtrack module
12-05 18:55:04.628  1641  1895 W android.os.Debug: failed to get memory consumption info: -1
12-05 18:55:04.646  6639  6646 W zygote  : Got a deoptimization request on un-deoptimizable void java.lang.Object.wait() at PC 0x71d882de
12-05 18:55:04.647  6639  6676 I zygote  : Explicit concurrent copying GC freed 39549(1280KB) AllocSpace objects, 1(20KB) LOS objects, 57% free, 1143KB/2MB, paused 9us total 2.508ms
12-05 18:55:05.428  1741  1741 V StatusBar: setLightsOn(true)
12-05 18:55:05.535  1641  1767 E memtrack: Couldn't load memtrack module
12-05 18:55:05.535  1641  1767 W android.os.Debug: failed to get memory consumption info: -1
12-05 18:55:05.554  6639  6646 W zygote  : Got a deoptimization request on un-deoptimizable void java.lang.Object.wait() at PC 0x71d882de
12-05 18:55:05.554  6639  6676 I zygote  : Explicit concurrent copying GC freed 39549(1280KB) AllocSpace objects, 1(20KB) LOS objects, 57% free, 1143KB/2MB, paused 9us total 2.407ms
12-05 18:55:04.434  1641  1895 I chatty  : uid=1000(system) Binder:1641_5 identical 5 lines
12-05 18:55:05.427  1641  1895 I ActivityManager: START u0 {flg=0x10000000 cmp=com.anigilyator.org/.Annotatio} from uid 10626
12-05 18:55:06.422  1641  1767 I ActivityManager: START u0 {flg=0x10000000 cmp=com.anigilyator.org/.Annotatio} from uid 10626
12-05 18:55:06.424  1741  1741 V StatusBar: setLightsOn(true)
12-05 18:55:06.485  1641  1767 E memtrack: Couldn't load memtrack module
12-05 18:55:06.485  1641  1767 W android.os.Debug: failed to get memory consumption info: -1
12-05 18:55:06.504  6639  6676 I zygote  : Explicit concurrent copying GC freed 39555(1296KB) AllocSpace objects, 1(20KB) LOS objects, 58% free, 1111KB/2MB, paused 10us total 2.686ms
12-05 18:55:06.504  6639  6646 W zygote  : Got a deoptimization request on un-deoptimizable void java.lang.Object.wait() at PC 0x71d882de
12-05 18:55:07.427  1641  2950 I ActivityManager: START u0 {flg=0x10000000 cmp=com.anigilyator.org/.Annotatio} from uid 10626
12-05 18:55:07.431  1741  1741 V StatusBar: setLightsOn(true)
12-05 18:55:07.447  1641  1767 E memtrack: Couldn't load memtrack module
12-05 18:55:07.447  1641  1767 W android.os.Debug: failed to get memory consumption info: -1
12-05 18:55:07.473  6639  6676 I zygote  : Explicit concurrent copying GC freed 39561(1296KB) AllocSpace objects, 1(20KB) LOS objects, 58% free, 1111KB/2MB, paused 9us total 2.523ms
12-05 18:55:07.473  6639  6646 W zygote  : Got a deoptimization request on un-deoptimizable void java.lang.Object.wait() at PC 0x71d882de
12-05 18:55:08.432  1741  1741 V StatusBar: setLightsOn(true)
12-05 18:55:08.442  1641  1767 E memtrack: Couldn't load memtrack module
12-05 18:55:08.443  1641  1767 W android.os.Debug: failed to get memory consumption info: -1
12-05 18:55:08.470  6639  6676 I zygote  : Explicit concurrent copying GC freed 39549(1280KB) AllocSpace objects, 1(20KB) LOS objects, 58% free, 1111KB/2MB, paused 13us total 3.741ms
12-05 18:55:08.470  6639  6646 W zygote  : Got a deoptimization request on un-deoptimizable void java.lang.Object.wait() at PC 0x71d882de
12-05 18:55:09.362  1641  1767 E memtrack: Couldn't load memtrack module
12-05 18:55:09.362  1641  1767 W android.os.Debug: failed to get memory consumption info: -1
12-05 18:55:09.385  6639  6646 W zygote  : Got a deoptimization request on un-deoptimizable void java.lang.Object.wait() at PC 0x71d882de
12-05 18:55:09.385  6639  6676 I zygote  : Explicit concurrent copying GC freed 39251(1264KB) AllocSpace objects, 1(20KB) LOS objects, 57% free, 1127KB/2MB, paused 12us total 3.004ms
12-05 18:55:09.449  1741  1741 V StatusBar: setLightsOn(true)
12-05 18:55:10.342  1641  1767 E memtrack: Couldn't load memtrack module
12-05 18:55:10.342  1641  1767 W android.os.Debug: failed to get memory consumption info: -1
12-05 18:55:10.366  6639  6646 W zygote  : Got a deoptimization request on un-deoptimizable void java.lang.Object.wait() at PC 0x71d882de
12-05 18:55:10.366  6639  6676 I zygote  : Explicit concurrent copying GC freed 39549(1280KB) AllocSpace objects, 1(20KB) LOS objects, 57% free, 1127KB/2MB, paused 12us total 3.193ms
12-05 18:55:10.439  1741  1741 V StatusBar: setLightsOn(true)
12-05 18:55:11.322  1641  1767 E memtrack: Couldn't load memtrack module
12-05 18:55:11.322  1641  1767 W android.os.Debug: failed to get memory consumption info: -1
12-05 18:55:11.343  6639  6646 W zygote  : Got a deoptimization request on un-deoptimizable void java.lang.Object.wait() at PC 0x71d882de
12-05 18:55:11.343  6639  6676 I zygote  : Explicit concurrent copying GC freed 39549(1280KB) AllocSpace objects, 1(20KB) LOS objects, 57% free, 1127KB/2MB, paused 10us total 2.410ms
12-05 18:55:11.443  1741  1741 V StatusBar: setLightsOn(true)
12-05 18:55:12.284  1641  1767 E memtrack: Couldn't load memtrack module
12-05 18:55:12.284  1641  1767 W android.os.Debug: failed to get memory consumption info: -1
