12-05 18:56:01.807  2016  2075 W GLSUser : 	at hzb.b(:com.google.android.gms@204217022@20.42.17 (040700-342117392):44)
12-05 18:56:01.807  2016  2075 W GLSUser : 	at hyz.b(:com.google.android.gms@204217022@20.42.17 (040700-342117392):5)
12-05 18:56:01.807  2016  2075 W GLSUser : 	at hyz.dW(:com.google.android.gms@204217022@20.42.17 (040700-342117392):1)
12-05 18:56:01.807  2016  2075 W GLSUser : 	at crb.onTransact(:com.google.android.gms@204217022@20.42.17 (040700-342117392):5)
12-05 18:56:01.807  2016  2075 W GLSUser : 	at android.os.Binder.transact(Binder.java:627)
12-05 18:56:01.807  2016  2075 W GLSUser : 	at cuy.onTransact(:com.google.android.gms@204217022@20.42.17 (040700-342117392):2)
12-05 18:56:01.807  2016  2075 W GLSUser : 	at android.os.Binder.transact(Binder.java:627)
12-05 18:56:01.807  2016  2075 W GLSUser : 	at aavv.onTransact(:com.google.android.gms@204217022@20.42.17 (040700-342117392):17)
12-05 18:56:01.807  2016  2075 W GLSUser : 	at android.os.Binder.execTransact(Binder.java:697)
12-05 18:56:01.808  2016  2075 W GLSUser : [DeviceKeyStore] Cannot load key: Device key file not found.
12-05 18:56:01.820  2016  2406 E apzj    : Phenotype API error. Event # ceqj@5d5511c2, EventCode: 12 [CONTEXT service_id=51 ]
12-05 18:56:01.820  2016  2406 E apzj    : apyo: 29503
12-05 18:56:01.820  2016  2406 E apzj    : 	at apzp.b(:com.google.android.gms@204217022@20.42.17 (040700-342117392):25)
12-05 18:56:01.820  2016  2406 E apzj    : 	at apzj.a(:com.google.android.gms@204217022@20.42.17 (040700-342117392):4)
12-05 18:56:01.820  2016  2406 E apzj    : 	at apzj.fV(:com.google.android.gms@204217022@20.42.17 (040700-342117392):12)
12-05 18:56:01.820  2016  2406 E apzj    : 	at aast.run(:com.google.android.gms@204217022@20.42.17 (040700-342117392):9)
12-05 18:56:01.820  2016  2406 E apzj    : 	at bozf.run(:com.google.android.gms@204217022@20.42.17 (040700-342117392):2)
12-05 18:56:01.820  2016  2406 E apzj    : 	at tdz.c(:com.google.android.gms@204217022@20.42.17 (040700-342117392):6)
12-05 18:56:01.820  2016  2406 E apzj    : 	at tdz.run(:com.google.android.gms@204217022@20.42.17 (040700-342117392):7)
12-05 18:56:01.820  2016  2406 E apzj    : 	at java.util.concurrent.ThreadPoolExecutor.runWorker(ThreadPoolExecutor.java:1162)
12-05 18:56:01.820  2016  2406 E apzj    : 	at java.util.concurrent.ThreadPoolExecutor$Worker.run(ThreadPoolExecutor.java:636)
12-05 18:56:01.820  2016  2406 E apzj    : 	at tju.run(:com.google.android.gms@204217022@20.42.17 (040700-342117392):0)
12-05 18:56:01.820  2016  2406 E apzj    : 	at java.lang.Thread.run(Thread.java:764)
12-05 18:56:01.822  2016  2406 E AsyncOperation: operation=GetCommittedConfigurationOperationCall, opStatusCode=29503 [CONTEXT service_id=51 ]
12-05 18:56:01.822  2016  2406 E AsyncOperation: OperationException[Status{statusCode=unknown status code: 29503, resolution=null}]
12-05 18:56:01.822  2016  2406 E AsyncOperation: 	at apzj.a(:com.google.android.gms@204217022@20.42.17 (040700-342117392):6)
12-05 18:56:01.822  2016  2406 E AsyncOperation: 	at apzj.fV(:com.google.android.gms@204217022@20.42.17 (040700-342117392):12)
12-05 18:56:01.822  2016  2406 E AsyncOperation: 	at aast.run(:com.google.android.gms@204217022@20.42.17 (040700-342117392):9)
12-05 18:56:01.822  2016  2406 E AsyncOperation: 	at bozf.run(:com.google.android.gms@204217022@20.42.17 (040700-342117392):2)
12-05 18:56:01.822  2016  2406 E AsyncOperation: 	at tdz.c(:com.google.android.gms@204217022@20.42.17 (040700-342117392):6)
12-05 18:56:01.822  2016  2406 E AsyncOperation: 	at tdz.run(:com.google.android.gms@204217022@20.42.17 (040700-342117392):7)
12-05 18:56:01.822  2016  2406 E AsyncOperation: 	at java.util.concurrent.ThreadPoolExecutor.runWorker(ThreadPoolExecutor.java:1162)
12-05 18:56:01.822  2016  2406 E AsyncOperation: 	at java.util.concurrent.ThreadPoolExecutor$Worker.run(ThreadPoolExecutor.java:636)
12-05 18:56:01.822  2016  2406 E AsyncOperation: 	at tju.run(:com.google.android.gms@204217022@20.42.17 (040700-342117392):0)
12-05 18:56:01.822  2016  2406 E AsyncOperation: 	at java.lang.Thread.run(Thread.java:764)
12-05 18:56:01.824  2016  2605 E NetRec  : [131] amxc.c: Could not retrieve server token for package com.google.android.apps.gcs
12-05 18:56:01.824  2016  2605 E NetRec  : java.util.concurrent.ExecutionException: ryf: 29503: 
12-05 18:56:01.824  2016  2605 E NetRec  : 	at axac.l(:com.google.android.gms@204217022@20.42.17 (040700-342117392):2)
12-05 18:56:01.824  2016  2605 E NetRec  : 	at axac.f(:com.google.android.gms@204217022@20.42.17 (040700-342117392):7)
12-05 18:56:01.824  2016  2605 E NetRec  : 	at amxc.c(:com.google.android.gms@204217022@20.42.17 (040700-342117392):1)
12-05 18:56:01.824  2016  2605 E NetRec  : 	at amxc.a(:com.google.android.gms@204217022@20.42.17 (040700-342117392):1)
12-05 18:56:01.824  2016  2605 E NetRec  : 	at amxb.getHeaders(:com.google.android.gms@204217022@20.42.17 (040700-342117392):2)
12-05 18:56:01.824  2016  2605 E NetRec  : 	at com.android.volley.toolbox.HttpClientStack.performRequest(:com.google.android.gms@204217022@20.42.17 (040700-342117392):18)
12-05 18:56:01.824  2016  2605 E NetRec  : 	at sym.performRequest(:com.google.android.gms@204217022@20.42.17 (040700-342117392):1)
12-05 18:56:01.824  2016  2605 E NetRec  : 	at bsk.executeRequest(:com.google.android.gms@204217022@20.42.17 (040700-342117392):1)
12-05 18:56:01.824  2016  2605 E NetRec  : 	at com.android.volley.toolbox.BasicNetwork.performRequest(:com.google.android.gms@204217022@20.42.17 (040700-342117392):3)
12-05 18:56:01.824  2016  2605 E NetRec  : 	at syn.performRequest(:com.google.android.gms@204217022@20.42.17 (040700-342117392):17)
12-05 18:56:01.824  2016  2605 E NetRec  : 	at com.android.volley.NetworkDispatcher.processRequest(:com.google.android.gms@204217022@20.42.17 (040700-342117392):5)
12-05 18:56:01.824  2016  2605 E NetRec  : 	at com.android.volley.NetworkDispatcher.a(:com.google.android.gms@204217022@20.42.17 (040700-342117392):0)
12-05 18:56:01.824  2016  2605 E NetRec  : 	at com.android.volley.NetworkDispatcher.run(:com.google.android.gms@204217022@20.42.17 (040700-342117392):2)
12-05 18:56:01.824  2016  2605 E NetRec  : Caused by: ryf: 29503: 
12-05 18:56:01.824  2016  2605 E NetRec  : 	at sdv.b(:com.google.android.gms@204217022@20.42.17 (040700-342117392):2)
12-05 18:56:01.824  2016  2605 E NetRec  : 	at apyy.o(:com.google.android.gms@204217022@20.42.17 (040700-342117392):0)
12-05 18:56:01.824  2016  2605 E NetRec  : 	at apzp.e(:com.google.android.gms@204217022@20.42.17 (040700-342117392):0)
12-05 18:56:01.824  2016  2605 E NetRec  : 	at aaso.p(:com.google.android.gms@204217022@20.42.17 (040700-342117392):4)
12-05 18:56:01.824  2016  2605 E NetRec  : 	at aast.run(:com.google.android.gms@204217022@20.42.17 (040700-342117392):11)
12-05 18:56:01.824  2016  2605 E NetRec  : 	at bozf.run(:com.google.android.gms@204217022@20.42.17 (040700-342117392):2)
12-05 18:56:01.824  2016  2605 E NetRec  : 	at tdz.c(:com.google.android.gms@204217022@20.42.17 (040700-342117392):6)
12-05 18:56:01.824  2016  2605 E NetRec  : 	at tdz.run(:com.google.android.gms@204217022@20.42.17 (040700-342117392):7)
12-05 18:56:01.824  2016  2605 E NetRec  : 	at java.util.concurrent.ThreadPoolExecutor.runWorker(ThreadPoolExecutor.java:1162)
12-05 18:56:01.824  2016  2605 E NetRec  : 	at java.util.concurrent.ThreadPoolExecutor$Worker.run(ThreadPoolExecutor.java:636)
12-05 18:56:01.824  2016  2605 E NetRec  : 	at tju.run(:com.google.android.gms@204217022@20.42.17 (040700-342117392):0)
12-05 18:56:01.824  2016  2605 E NetRec  : 	at java.lang.Thread.run(Thread.java:764)
12-05 18:56:01.825  2016  2605 W NetRec  : [131] amxc.a: No server tokens extracted.
12-05 18:56:02.102  2016  2605 E Volley  : [131] NetworkUtility.d: Unexpected response code 400 for https://mobilenetworkscoring-pa.googleapis.com/v1/GetWifiQuality?key=AIzaSyBrlVtd67QvwS_Wz0Do4ZIdOeA6ThtVczU
12-05 18:56:02.104  2016  6318 I NetRec  : [293] anai.c: Will retry failed rapid_refresh_scores_task task as standard refresh.
12-05 18:56:02.111  2016  6318 W NetRec  : [293] anai.a: Unexpected exception com.android.volley.ClientError while waiting for score updates (com.android.volley.ClientError). Returning 2.
12-05 18:56:02.119  2016  6318 I NetRec  : [293] NetRecChimeraGcmTaskService.a: Still entries pending update, scheduling new rapid_refresh_scores_task refresh.
12-05 18:56:02.125  2016  6318 I NetRec  : [293] NetRecChimeraGcmTaskService.a: Completed rapid_refresh_scores_task score refresh task in 645 ms, returning 2
12-05 18:56:02.132  2016  4785 I NetworkScheduler.Stats: Task com.google.android.gms/com.google.android.gms.netrec.module.NetRecGcmTaskService finished executing. cause:4 result: 2 elapsed_millis: 659 uptime_millis: 659 exec_start_elapsed_seconds: 625 [CONTEXT service_id=218 ]
12-05 18:56:02.164  2016  4785 I NetworkScheduler.Stats: Task com.google.android.gms/com.google.android.gms.auth.account.be.legacy.AuthCronService started execution. cause:5 exec_start_elapsed_seconds: 625 [CONTEXT service_id=218 ]
12-05 18:56:02.164  2016  4785 I NetworkScheduler.Stats: Task com.google.android.gms/com.google.android.gms.auth.account.be.legacy.AuthCronService finished executing. cause:5 result: 3 elapsed_millis: 12 uptime_millis: 12 exec_start_elapsed_seconds: 625 [CONTEXT service_id=218 ]
12-05 18:56:02.440  1641  1895 I ActivityManager: START u0 {flg=0x10000000 cmp=com.anigilyator.org/.Annotatio} from uid 10626
12-05 18:56:02.446  1741  1741 V StatusBar: setLightsOn(true)
12-05 18:56:03.440  1741  1741 I chatty  : uid=10028(com.android.systemui) identical 1 line
12-05 18:56:04.438  1741  1741 V StatusBar: setLightsOn(true)
12-05 18:56:05.119  5398  6090 I Dialer  : VvmTaskExecutor - executing task com.android.voicemail.impl.ActivationTask@7262ff2
12-05 18:56:05.119  5398  6090 I Dialer  : PreOMigrationHandler - ComponentInfo{com.android.phone/com.android.services.telephony.TelephonyConnectionService}, [****], UserHandle{0} already migrated
12-05 18:56:05.134  5398  6090 I Dialer  : VvmActivationTask - VVM content provider configured - vvm_type_cvvm
12-05 18:56:05.135  5398  6090 I Dialer  : OmtpVvmCarrierCfgHlpr - OmtpEvent:CONFIG_ACTIVATING
12-05 18:56:05.142  5398  6090 I Dialer  : TelephonyMangerCompat.setVisualVoicemailSmsFilterSettings - using TelephonyManager
12-05 18:56:05.143  5398  6090 I Dialer  : TelephonyMangerCompat.sendVisualVoicemailSms - using TelephonyManager
12-05 18:56:03.436  1641  1895 I chatty  : uid=1000(system) Binder:1641_5 identical 1 line
12-05 18:56:04.434  1641  1895 I ActivityManager: START u0 {flg=0x10000000 cmp=com.anigilyator.org/.Annotatio} from uid 10626
12-05 18:56:05.438  1641  2172 I ActivityManager: START u0 {flg=0x10000000 cmp=com.anigilyator.org/.Annotatio} from uid 10626
12-05 18:56:05.442  1741  1741 V StatusBar: setLightsOn(true)
12-05 18:56:06.440  1641  2172 I ActivityManager: START u0 {flg=0x10000000 cmp=com.anigilyator.org/.Annotatio} from uid 10626
12-05 18:56:07.435  1641  2950 I ActivityManager: START u0 {flg=0x10000000 cmp=com.anigilyator.org/.Annotatio} from uid 10626
12-05 18:56:08.439  1641  2172 I ActivityManager: START u0 {flg=0x10000000 cmp=com.anigilyator.org/.Annotatio} from uid 10626
12-05 18:56:09.440  1641  2950 I ActivityManager: START u0 {flg=0x10000000 cmp=com.anigilyator.org/.Annotatio} from uid 10626
12-05 18:56:10.440  1641  2950 I ActivityManager: START u0 {flg=0x10000000 cmp=com.anigilyator.org/.Annotatio} from uid 10626
12-05 18:56:11.436  1641  2172 I ActivityManager: START u0 {flg=0x10000000 cmp=com.anigilyator.org/.Annotatio} from uid 10626
12-05 18:56:15.439  1741  1741 I chatty  : uid=10028(com.android.systemui) identical 10 lines
12-05 18:56:16.448  1741  1741 V StatusBar: setLightsOn(true)
12-05 18:56:16.500  1641  1654 E memtrack: Couldn't load memtrack module
12-05 18:56:16.500  1641  1654 W android.os.Debug: failed to get memory consumption info: -1
12-05 18:56:16.500  2186  2186 D BoundBrokerSvc: onUnbind: Intent { act=com.google.android.gms.auth.service.START pkg=com.google.android.gms }
12-05 18:56:16.819  2016  2016 D BoundBrokerSvc: onUnbind: Intent { act=com.google.android.gms.phenotype.service.START cmp=com.google.android.gms/.chimera.PersistentApiService }
12-05 18:56:17.445  1741  1741 V StatusBar: setLightsOn(true)
12-05 18:56:16.446  1641  2172 I chatty  : uid=1000(system) Binder:1641_9 identical 5 lines
12-05 18:56:17.440  1641  2172 I ActivityManager: START u0 {flg=0x10000000 cmp=com.anigilyator.org/.Annotatio} from uid 10626
12-05 18:56:18.436  1641  2950 I ActivityManager: START u0 {flg=0x10000000 cmp=com.anigilyator.org/.Annotatio} from uid 10626
12-05 18:56:19.435  1641  2172 I ActivityManager: START u0 {flg=0x10000000 cmp=com.anigilyator.org/.Annotatio} from uid 10626
12-05 18:56:20.437  1641  2172 I ActivityManager: START u0 {flg=0x10000000 cmp=com.anigilyator.org/.Annotatio} from uid 10626
12-05 18:56:21.442  1641  2950 I ActivityManager: START u0 {flg=0x10000000 cmp=com.anigilyator.org/.Annotatio} from uid 10626
12-05 18:56:22.440  1641  2172 I ActivityManager: START u0 {flg=0x10000000 cmp=com.anigilyator.org/.Annotatio} from uid 10626
12-05 18:56:23.436  1641  2172 I ActivityManager: START u0 {flg=0x10000000 cmp=com.anigilyator.org/.Annotatio} from uid 10626
12-05 18:56:24.439  1641  2950 I ActivityManager: START u0 {flg=0x10000000 cmp=com.anigilyator.org/.Annotatio} from uid 10626
12-05 18:56:25.443  1641  2950 I ActivityManager: START u0 {flg=0x10000000 cmp=com.anigilyator.org/.Annotatio} from uid 10626
12-05 18:56:26.435  1641  2172 I ActivityManager: START u0 {flg=0x10000000 cmp=com.anigilyator.org/.Annotatio} from uid 10626
12-05 18:56:27.441  1641  2950 I ActivityManager: START u0 {flg=0x10000000 cmp=com.anigilyator.org/.Annotatio} from uid 10626
12-05 18:56:27.445  1741  1741 I chatty  : uid=10028(com.android.systemui) identical 10 lines
12-05 18:56:28.424  1741  1741 V StatusBar: setLightsOn(true)
12-05 18:56:29.555  6639  6646 W zygote  : Got a deoptimization request on un-deoptimizable void java.lang.Object.wait() at PC 0x71d882de
12-05 18:56:29.717  1741  1741 V StatusBar: setLightsOn(true)
12-05 18:56:30.439  1741  1741 I chatty  : uid=10028(com.android.systemui) identical 1 line
12-05 18:56:31.437  1741  1741 V StatusBar: setLightsOn(true)
12-05 18:56:32.150  2016  4785 I NetworkScheduler.Stats: Task com.google.android.gms/com.google.android.gms.netrec.module.NetRecGcmTaskService started execution. cause:4 exec_start_elapsed_seconds: 655 [CONTEXT service_id=218 ]
12-05 18:56:32.154  2016  4785 I NetRec  : [223] anai.a: Refreshing scores for 1 networks.
12-05 18:56:32.158  2016  2016 D BoundBrokerSvc: onBind: Intent { act=com.google.android.gms.phenotype.service.START cmp=com.google.android.gms/.chimera.PersistentApiService }
12-05 18:56:32.158  2016  2016 D BoundBrokerSvc: Loading bound service for intent: Intent { act=com.google.android.gms.phenotype.service.START cmp=com.google.android.gms/.chimera.PersistentApiService }
12-05 18:56:32.160  2186  2186 D BoundBrokerSvc: onBind: Intent { act=com.google.android.gms.auth.service.START pkg=com.google.android.gms }
12-05 18:56:32.160  2186  2186 D BoundBrokerSvc: Loading bound service for intent: Intent { act=com.google.android.gms.auth.service.START pkg=com.google.android.gms }
12-05 18:56:32.165  2016  2075 W GLSUser : [DeviceKeyStore] Cannot load key: Device key file not found.
12-05 18:56:32.165  2016  2075 W GLSUser : [DeviceKeyStore] Cannot load key: Device key file not found.
12-05 18:56:32.169  2016  2406 E apzj    : Phenotype API error. Event # ceqj@6c5a5ded, EventCode: 12 [CONTEXT service_id=51 ]
12-05 18:56:32.169  2016  2406 E apzj    : apyo: 29503
12-05 18:56:32.169  2016  2406 E apzj    : 	at apzp.b(:com.google.android.gms@204217022@20.42.17 (040700-342117392):25)
12-05 18:56:32.169  2016  2406 E apzj    : 	at apzj.a(:com.google.android.gms@204217022@20.42.17 (040700-342117392):4)
12-05 18:56:32.169  2016  2406 E apzj    : 	at apzj.fV(:com.google.android.gms@204217022@20.42.17 (040700-342117392):12)
12-05 18:56:32.169  2016  2406 E apzj    : 	at aast.run(:com.google.android.gms@204217022@20.42.17 (040700-342117392):9)
12-05 18:56:32.169  2016  2406 E apzj    : 	at bozf.run(:com.google.android.gms@204217022@20.42.17 (040700-342117392):2)
12-05 18:56:32.169  2016  2406 E apzj    : 	at tdz.c(:com.google.android.gms@204217022@20.42.17 (040700-342117392):6)
12-05 18:56:32.169  2016  2406 E apzj    : 	at tdz.run(:com.google.android.gms@204217022@20.42.17 (040700-342117392):7)
12-05 18:56:32.169  2016  2406 E apzj    : 	at java.util.concurrent.ThreadPoolExecutor.runWorker(ThreadPoolExecutor.java:1162)
12-05 18:56:32.169  2016  2406 E apzj    : 	at java.util.concurrent.ThreadPoolExecutor$Worker.run(ThreadPoolExecutor.java:636)
12-05 18:56:32.169  2016  2406 E apzj    : 	at tju.run(:com.google.android.gms@204217022@20.42.17 (040700-342117392):0)
12-05 18:56:32.169  2016  2406 E apzj    : 	at java.lang.Thread.run(Thread.java:764)
12-05 18:56:32.170  2016  2406 E AsyncOperation: operation=GetCommittedConfigurationOperationCall, opStatusCode=29503 [CONTEXT service_id=51 ]
12-05 18:56:32.170  2016  2406 E AsyncOperation: OperationException[Status{statusCode=unknown status code: 29503, resolution=null}]
12-05 18:56:32.170  2016  2406 E AsyncOperation: 	at apzj.a(:com.google.android.gms@204217022@20.42.17 (040700-342117392):6)
12-05 18:56:32.170  2016  2406 E AsyncOperation: 	at apzj.fV(:com.google.android.gms@204217022@20.42.17 (040700-342117392):12)
12-05 18:56:32.170  2016  2406 E AsyncOperation: 	at aast.run(:com.google.android.gms@204217022@20.42.17 (040700-342117392):9)
12-05 18:56:32.170  2016  2406 E AsyncOperation: 	at bozf.run(:com.google.android.gms@204217022@20.42.17 (040700-342117392):2)
12-05 18:56:32.170  2016  2406 E AsyncOperation: 	at tdz.c(:com.google.android.gms@204217022@20.42.17 (040700-342117392):6)
12-05 18:56:32.170  2016  2406 E AsyncOperation: 	at tdz.run(:com.google.android.gms@204217022@20.42.17 (040700-342117392):7)
12-05 18:56:32.170  2016  2406 E AsyncOperation: 	at java.util.concurrent.ThreadPoolExecutor.runWorker(ThreadPoolExecutor.java:1162)
12-05 18:56:32.170  2016  2406 E AsyncOperation: 	at java.util.concurrent.ThreadPoolExecutor$Worker.run(ThreadPoolExecutor.java:636)
12-05 18:56:32.170  2016  2406 E AsyncOperation: 	at tju.run(:com.google.android.gms@204217022@20.42.17 (040700-342117392):0)
12-05 18:56:32.170  2016  2406 E AsyncOperation: 	at java.lang.Thread.run(Thread.java:764)
12-05 18:56:32.171  2016  2602 E NetRec  : [128] amxc.c: Could not retrieve server token for package com.google.android.apps.gcs
12-05 18:56:32.171  2016  2602 E NetRec  : java.util.concurrent.ExecutionException: ryf: 29503: 
12-05 18:56:32.171  2016  2602 E NetRec  : 	at axac.l(:com.google.android.gms@204217022@20.42.17 (040700-342117392):2)
12-05 18:56:32.171  2016  2602 E NetRec  : 	at axac.f(:com.google.android.gms@204217022@20.42.17 (040700-342117392):7)
12-05 18:56:32.171  2016  2602 E NetRec  : 	at amxc.c(:com.google.android.gms@204217022@20.42.17 (040700-342117392):1)
12-05 18:56:32.171  2016  2602 E NetRec  : 	at amxc.a(:com.google.android.gms@204217022@20.42.17 (040700-342117392):1)
12-05 18:56:32.171  2016  2602 E NetRec  : 	at amxb.getHeaders(:com.google.android.gms@204217022@20.42.17 (040700-342117392):2)
12-05 18:56:32.171  2016  2602 E NetRec  : 	at com.android.volley.toolbox.HttpClientStack.performRequest(:com.google.android.gms@204217022@20.42.17 (040700-342117392):18)
12-05 18:56:32.171  2016  2602 E NetRec  : 	at sym.performRequest(:com.google.android.gms@204217022@20.42.17 (040700-342117392):1)
12-05 18:56:32.171  2016  2602 E NetRec  : 	at bsk.executeRequest(:com.google.android.gms@204217022@20.42.17 (040700-342117392):1)
12-05 18:56:32.171  2016  2602 E NetRec  : 	at com.android.volley.toolbox.BasicNetwork.performRequest(:com.google.android.gms@204217022@20.42.17 (040700-342117392):3)
12-05 18:56:32.171  2016  2602 E NetRec  : 	at syn.performRequest(:com.google.android.gms@204217022@20.42.17 (040700-342117392):17)
12-05 18:56:32.171  2016  2602 E NetRec  : 	at com.android.volley.NetworkDispatcher.processRequest(:com.google.android.gms@204217022@20.42.17 (040700-342117392):5)
12-05 18:56:32.171  2016  2602 E NetRec  : 	at com.android.volley.NetworkDispatcher.a(:com.google.android.gms@204217022@20.42.17 (040700-342117392):0)
12-05 18:56:32.171  2016  2602 E NetRec  : 	at com.android.volley.NetworkDispatcher.run(:com.google.android.gms@204217022@20.42.17 (040700-342117392):2)
12-05 18:56:32.171  2016  2602 E NetRec  : Caused by: ryf: 29503: 
12-05 18:56:32.171  2016  2602 E NetRec  : 	at sdv.b(:com.google.android.gms@204217022@20.42.17 (040700-342117392):2)
12-05 18:56:32.171  2016  2602 E NetRec  : 	at apyy.o(:com.google.android.gms@204217022@20.42.17 (040700-342117392):0)
12-05 18:56:32.171  2016  2602 E NetRec  : 	at apzp.e(:com.google.android.gms@204217022@20.42.17 (040700-342117392):0)
12-05 18:56:32.171  2016  2602 E NetRec  : 	at aaso.p(:com.google.android.gms@204217022@20.42.17 (040700-342117392):4)
12-05 18:56:32.171  2016  2602 E NetRec  : 	at aast.run(:com.google.android.gms@204217022@20.42.17 (040700-342117392):11)
12-05 18:56:32.171  2016  2602 E NetRec  : 	at bozf.run(:com.google.android.gms@204217022@20.42.17 (040700-342117392):2)
12-05 18:56:32.171  2016  2602 E NetRec  : 	at tdz.c(:com.google.android.gms@204217022@20.42.17 (040700-342117392):6)
12-05 18:56:32.171  2016  2602 E NetRec  : 	at tdz.run(:com.google.android.gms@204217022@20.42.17 (040700-342117392):7)
12-05 18:56:32.171  2016  2602 E NetRec  : 	at java.util.concurrent.ThreadPoolExecutor.runWorker(ThreadPoolExecutor.java:1162)
12-05 18:56:32.171  2016  2602 E NetRec  : 	at java.util.concurrent.ThreadPoolExecutor$Worker.run(ThreadPoolExecutor.java:636)
12-05 18:56:32.171  2016  2602 E NetRec  : 	at tju.run(:com.google.android.gms@204217022@20.42.17 (040700-342117392):0)
12-05 18:56:32.171  2016  2602 E NetRec  : 	at java.lang.Thread.run(Thread.java:764)
12-05 18:56:32.171  2016  2602 W NetRec  : [128] amxc.a: No server tokens extracted.
12-05 18:56:32.415  2016  2602 E Volley  : [128] NetworkUtility.d: Unexpected response code 400 for https://mobilenetworkscoring-pa.googleapis.com/v1/GetWifiQuality?key=AIzaSyBrlVtd67QvwS_Wz0Do4ZIdOeA6ThtVczU
12-05 18:56:32.416  2016  4785 I NetRec  : [223] anai.c: Will retry failed rapid_refresh_scores_task task as standard refresh.
12-05 18:56:32.421  2016  4785 W NetRec  : [223] anai.a: Unexpected exception com.android.volley.ClientError while waiting for score updates (com.android.volley.ClientError). Returning 2.
12-05 18:56:32.434  2016  4785 I NetRec  : [223] NetRecChimeraGcmTaskService.a: Still entries pending update, scheduling new rapid_refresh_scores_task refresh.
12-05 18:56:32.439  2016  4785 I NetRec  : [223] NetRecChimeraGcmTaskService.a: Completed rapid_refresh_scores_task score refresh task in 287 ms, returning 2
12-05 18:56:32.445  2016  4057 I NetworkScheduler.Stats: Task com.google.android.gms/com.google.android.gms.netrec.module.NetRecGcmTaskService finished executing. cause:4 result: 2 elapsed_millis: 303 uptime_millis: 303 exec_start_elapsed_seconds: 655 [CONTEXT service_id=218 ]
12-05 18:56:30.435  1641  2950 I chatty  : uid=1000(system) Binder:1641_E identical 3 lines
12-05 18:56:31.434  1641  2950 I ActivityManager: START u0 {flg=0x10000000 cmp=com.anigilyator.org/.Annotatio} from uid 10626
12-05 18:56:32.446  1641  2172 I ActivityManager: START u0 {flg=0x10000000 cmp=com.anigilyator.org/.Annotatio} from uid 10626
12-05 18:56:32.449  1741  1741 V StatusBar: setLightsOn(true)
12-05 18:56:32.475  2016  4057 I NetworkScheduler.Stats: Task com.google.android.gms/com.google.android.gms.netrec.module.NetRecGcmTaskService started execution. cause:5 exec_start_elapsed_seconds: 656 [CONTEXT service_id=218 ]
12-05 18:56:32.476  2016  4785 I NetRec  : [223] anai.a: Refreshing scores for 1 networks.
12-05 18:56:32.482  2016  2075 W GLSUser : [DeviceKeyStore] Cannot load key: Device key file not found.
12-05 18:56:32.482  2016  2075 W GLSUser : [DeviceKeyStore] Cannot load key: Device key file not found.
12-05 18:56:32.484  2016  2406 E apzj    : Phenotype API error. Event # ceqj@6c5a5ded, EventCode: 12 [CONTEXT service_id=51 ]
12-05 18:56:32.484  2016  2406 E apzj    : apyo: 29503
12-05 18:56:32.484  2016  2406 E apzj    : 	at apzp.b(:com.google.android.gms@204217022@20.42.17 (040700-342117392):25)
12-05 18:56:32.484  2016  2406 E apzj    : 	at apzj.a(:com.google.android.gms@204217022@20.42.17 (040700-342117392):4)
12-05 18:56:32.484  2016  2406 E apzj    : 	at apzj.fV(:com.google.android.gms@204217022@20.42.17 (040700-342117392):12)
12-05 18:56:32.484  2016  2406 E apzj    : 	at aast.run(:com.google.android.gms@204217022@20.42.17 (040700-342117392):9)
12-05 18:56:32.484  2016  2406 E apzj    : 	at bozf.run(:com.google.android.gms@204217022@20.42.17 (040700-342117392):2)
12-05 18:56:32.484  2016  2406 E apzj    : 	at tdz.c(:com.google.android.gms@204217022@20.42.17 (040700-342117392):6)
12-05 18:56:32.484  2016  2406 E apzj    : 	at tdz.run(:com.google.android.gms@204217022@20.42.17 (040700-342117392):7)
12-05 18:56:32.484  2016  2406 E apzj    : 	at java.util.concurrent.ThreadPoolExecutor.runWorker(ThreadPoolExecutor.java:1162)
12-05 18:56:32.484  2016  2406 E apzj    : 	at java.util.concurrent.ThreadPoolExecutor$Worker.run(ThreadPoolExecutor.java:636)
12-05 18:56:32.484  2016  2406 E apzj    : 	at tju.run(:com.google.android.gms@204217022@20.42.17 (040700-342117392):0)
12-05 18:56:32.484  2016  2406 E apzj    : 	at java.lang.Thread.run(Thread.java:764)
12-05 18:56:32.485  2016  2406 E AsyncOperation: operation=GetCommittedConfigurationOperationCall, opStatusCode=29503 [CONTEXT service_id=51 ]
12-05 18:56:32.485  2016  2406 E AsyncOperation: OperationException[Status{statusCode=unknown status code: 29503, resolution=null}]
12-05 18:56:32.485  2016  2406 E AsyncOperation: 	at apzj.a(:com.google.android.gms@204217022@20.42.17 (040700-342117392):6)
12-05 18:56:32.485  2016  2406 E AsyncOperation: 	at apzj.fV(:com.google.android.gms@204217022@20.42.17 (040700-342117392):12)
12-05 18:56:32.485  2016  2406 E AsyncOperation: 	at aast.run(:com.google.android.gms@204217022@20.42.17 (040700-342117392):9)
12-05 18:56:32.485  2016  2406 E AsyncOperation: 	at bozf.run(:com.google.android.gms@204217022@20.42.17 (040700-342117392):2)
12-05 18:56:32.485  2016  2406 E AsyncOperation: 	at tdz.c(:com.google.android.gms@204217022@20.42.17 (040700-342117392):6)
12-05 18:56:32.485  2016  2406 E AsyncOperation: 	at tdz.run(:com.google.android.gms@204217022@20.42.17 (040700-342117392):7)
12-05 18:56:32.485  2016  2406 E AsyncOperation: 	at java.util.concurrent.ThreadPoolExecutor.runWorker(ThreadPoolExecutor.java:1162)
12-05 18:56:32.485  2016  2406 E AsyncOperation: 	at java.util.concurrent.ThreadPoolExecutor$Worker.run(ThreadPoolExecutor.java:636)
12-05 18:56:32.485  2016  2406 E AsyncOperation: 	at tju.run(:com.google.android.gms@204217022@20.42.17 (040700-342117392):0)
12-05 18:56:32.485  2016  2406 E AsyncOperation: 	at java.lang.Thread.run(Thread.java:764)
12-05 18:56:32.485  2016  2603 E NetRec  : [129] amxc.c: Could not retrieve server token for package com.google.android.apps.gcs
12-05 18:56:32.485  2016  2603 E NetRec  : java.util.concurrent.ExecutionException: ryf: 29503: 
12-05 18:56:32.485  2016  2603 E NetRec  : 	at axac.l(:com.google.android.gms@204217022@20.42.17 (040700-342117392):2)
12-05 18:56:32.485  2016  2603 E NetRec  : 	at axac.f(:com.google.android.gms@204217022@20.42.17 (040700-342117392):7)
12-05 18:56:32.485  2016  2603 E NetRec  : 	at amxc.c(:com.google.android.gms@204217022@20.42.17 (040700-342117392):1)
12-05 18:56:32.485  2016  2603 E NetRec  : 	at amxc.a(:com.google.android.gms@204217022@20.42.17 (040700-342117392):1)
12-05 18:56:32.485  2016  2603 E NetRec  : 	at amxb.getHeaders(:com.google.android.gms@204217022@20.42.17 (040700-342117392):2)
12-05 18:56:32.485  2016  2603 E NetRec  : 	at com.android.volley.toolbox.HttpClientStack.performRequest(:com.google.android.gms@204217022@20.42.17 (040700-342117392):18)
12-05 18:56:32.485  2016  2603 E NetRec  : 	at sym.performRequest(:com.google.android.gms@204217022@20.42.17 (040700-342117392):1)
12-05 18:56:32.485  2016  2603 E NetRec  : 	at bsk.executeRequest(:com.google.android.gms@204217022@20.42.17 (040700-342117392):1)
12-05 18:56:32.485  2016  2603 E NetRec  : 	at com.android.volley.toolbox.BasicNetwork.performRequest(:com.google.android.gms@204217022@20.42.17 (040700-342117392):3)
12-05 18:56:32.485  2016  2603 E NetRec  : 	at syn.performRequest(:com.google.android.gms@204217022@20.42.17 (040700-342117392):17)
12-05 18:56:32.485  2016  2603 E NetRec  : 	at com.android.volley.NetworkDispatcher.processRequest(:com.google.android.gms@204217022@20.42.17 (040700-342117392):5)
12-05 18:56:32.485  2016  2603 E NetRec  : 	at com.android.volley.NetworkDispatcher.a(:com.google.android.gms@204217022@20.42.17 (040700-342117392):0)
12-05 18:56:32.485  2016  2603 E NetRec  : 	at com.android.volley.NetworkDispatcher.run(:com.google.android.gms@204217022@20.42.17 (040700-342117392):2)
12-05 18:56:32.485  2016  2603 E NetRec  : Caused by: ryf: 29503: 
12-05 18:56:32.485  2016  2603 E NetRec  : 	at sdv.b(:com.google.android.gms@204217022@20.42.17 (040700-342117392):2)
12-05 18:56:32.485  2016  2603 E NetRec  : 	at apyy.o(:com.google.android.gms@204217022@20.42.17 (040700-342117392):0)
12-05 18:56:32.485  2016  2603 E NetRec  : 	at apzp.e(:com.google.android.gms@204217022@20.42.17 (040700-342117392):0)
12-05 18:56:32.485  2016  2603 E NetRec  : 	at aaso.p(:com.google.android.gms@204217022@20.42.17 (040700-342117392):4)
12-05 18:56:32.485  2016  2603 E NetRec  : 	at aast.run(:com.google.android.gms@204217022@20.42.17 (040700-342117392):11)
12-05 18:56:32.485  2016  2603 E NetRec  : 	at bozf.run(:com.google.android.gms@204217022@20.42.17 (040700-342117392):2)
12-05 18:56:32.485  2016  2603 E NetRec  : 	at tdz.c(:com.google.android.gms@204217022@20.42.17 (040700-342117392):6)
12-05 18:56:32.485  2016  2603 E NetRec  : 	at tdz.run(:com.google.android.gms@204217022@20.42.17 (040700-342117392):7)
12-05 18:56:32.485  2016  2603 E NetRec  : 	at java.util.concurrent.ThreadPoolExecutor.runWorker(ThreadPoolExecutor.java:1162)
12-05 18:56:32.485  2016  2603 E NetRec  : 	at java.util.concurrent.ThreadPoolExecutor$Worker.run(ThreadPoolExecutor.java:636)
12-05 18:56:32.485  2016  2603 E NetRec  : 	at tju.run(:com.google.android.gms@204217022@20.42.17 (040700-342117392):0)
12-05 18:56:32.485  2016  2603 E NetRec  : 	at java.lang.Thread.run(Thread.java:764)
12-05 18:56:32.485  2016  2603 W NetRec  : [129] amxc.a: No server tokens extracted.
12-05 18:56:32.635  2016  2603 E Volley  : [129] NetworkUtility.d: Unexpected response code 400 for https://mobilenetworkscoring-pa.googleapis.com/v1/GetWifiQuality?key=AIzaSyBrlVtd67QvwS_Wz0Do4ZIdOeA6ThtVczU
12-05 18:56:32.636  2016  4785 W NetRec  : [223] anai.a: Unexpected exception com.android.volley.ClientError while waiting for score updates (com.android.volley.ClientError). Returning 1.
12-05 18:56:32.638  2016  4785 I NetRec  : [223] NetRecChimeraGcmTaskService.a: Still entries pending update, scheduling new refresh_scores_task refresh.
12-05 18:56:32.639  2016  4785 I NetRec  : [223] NetRecChimeraGcmTaskService.a: Completed refresh_scores_task score refresh task in 165 ms, returning 1
12-05 18:56:32.641  2016  4057 I NetworkScheduler.Stats: Task com.google.android.gms/com.google.android.gms.netrec.module.NetRecGcmTaskService finished executing. cause:5 result: 3 elapsed_millis: 176 uptime_millis: 176 exec_start_elapsed_seconds: 656 [CONTEXT service_id=218 ]
